{
  "node": {
    "id": "main/node_000050",
    "original_name": "/model/model.4/Slice",
    "op_type": "Slice",
    "domain": "",
    "inputs": [
      "/model/model.4/cv1/act/Mul_output_0",
      "/model/model.4/Constant_1_output_0",
      "/model/model.4/Mul_output_0",
      "/model/model.4/Constant_output_0"
    ],
    "outputs": [
      "/model/model.4/Slice_output_0"
    ],
    "attributes": {}
  },
  "tensors": [
    {
      "name": "/model/model.4/cv1/act/Mul_output_0",
      "shape": [
        "unk__0",
        128,
        "unk__19",
        "unk__20"
      ],
      "dtype": "float32",
      "producer": "main/node_000039",
      "consumers": [
        "main/node_000040",
        "main/node_000050",
        "main/node_000053"
      ],
      "kind": "intermediate",
      "is_graph_input": false,
      "is_graph_output": false,
      "is_initializer": false
    },
    {
      "name": "/model/model.4/Constant_1_output_0",
      "shape": [
        1
      ],
      "dtype": "int64",
      "producer": "main/node_000043",
      "consumers": [
        "main/node_000050"
      ],
      "kind": "constant",
      "is_graph_input": false,
      "is_graph_output": false,
      "is_initializer": false
    },
    {
      "name": "/model/model.4/Mul_output_0",
      "shape": [
        1
      ],
      "dtype": "int64",
      "producer": "main/node_000049",
      "consumers": [
        "main/node_000050",
        "main/node_000053"
      ],
      "kind": "intermediate",
      "is_graph_input": false,
      "is_graph_output": false,
      "is_initializer": false
    },
    {
      "name": "/model/model.4/Constant_output_0",
      "shape": [
        1
      ],
      "dtype": "int64",
      "producer": "main/node_000041",
      "consumers": [
        "main/node_000042",
        "main/node_000050",
        "main/node_000053"
      ],
      "kind": "constant",
      "is_graph_input": false,
      "is_graph_output": false,
      "is_initializer": false
    },
    {
      "name": "/model/model.4/Slice_output_0",
      "shape": [
        "unk__21",
        "unk__22",
        "unk__23",
        "unk__24"
      ],
      "dtype": "float32",
      "producer": "main/node_000050",
      "consumers": [
        "main/node_000061"
      ],
      "kind": "intermediate",
      "is_graph_input": false,
      "is_graph_output": false,
      "is_initializer": false
    }
  ],
  "diagnostic": {
    "node_id": "main/node_000050",
    "status": "NOT_COVERED",
    "results": [],
    "issues": [],
    "suggestions": []
  },
  "trace": {
    "node_id": "main/node_000050",
    "predecessors": [
      "main/node_000039",
      "main/node_000041",
      "main/node_000043",
      "main/node_000049"
    ],
    "successors": [
      "main/node_000061"
    ],
    "upstream_neighbors": [
      "main/node_000037",
      "main/node_000038",
      "main/node_000039",
      "main/node_000041",
      "main/node_000043",
      "main/node_000047",
      "main/node_000048",
      "main/node_000049"
    ],
    "neighborhood": [
      "main/node_000037",
      "main/node_000038",
      "main/node_000039",
      "main/node_000041",
      "main/node_000043",
      "main/node_000047",
      "main/node_000048",
      "main/node_000049",
      "main/node_000050",
      "main/node_000061",
      "main/node_000062"
    ],
    "downstream_nodes": [
      "main/node_000061",
      "main/node_000062",
      "main/node_000063",
      "main/node_000064",
      "main/node_000065",
      "main/node_000066",
      "main/node_000067",
      "main/node_000068",
      "main/node_000069",
      "main/node_000070",
      "main/node_000071",
      "main/node_000073",
      "main/node_000076",
      "main/node_000078",
      "main/node_000080",
      "main/node_000081",
      "main/node_000083",
      "main/node_000084",
      "main/node_000085",
      "main/node_000086",
      "main/node_000087",
      "main/node_000088",
      "main/node_000089",
      "main/node_000090",
      "main/node_000091",
      "main/node_000092",
      "main/node_000093",
      "main/node_000094",
      "main/node_000095",
      "main/node_000096",
      "main/node_000097",
      "main/node_000098",
      "main/node_000099",
      "main/node_000100",
      "main/node_000101",
      "main/node_000102",
      "main/node_000103",
      "main/node_000104",
      "main/node_000105",
      "main/node_000106",
      "main/node_000107",
      "main/node_000108",
      "main/node_000109",
      "main/node_000110",
      "main/node_000111",
      "main/node_000112",
      "main/node_000113",
      "main/node_000114",
      "main/node_000115",
      "main/node_000116",
      "main/node_000117",
      "main/node_000118",
      "main/node_000119",
      "main/node_000121",
      "main/node_000124",
      "main/node_000126",
      "main/node_000128",
      "main/node_000129",
      "main/node_000131",
      "main/node_000132",
      "main/node_000133",
      "main/node_000134",
      "main/node_000135",
      "main/node_000136",
      "main/node_000137",
      "main/node_000138",
      "main/node_000139",
      "main/node_000140",
      "main/node_000141",
      "main/node_000142",
      "main/node_000143",
      "main/node_000144",
      "main/node_000145",
      "main/node_000146",
      "main/node_000147",
      "main/node_000148",
      "main/node_000149",
      "main/node_000150",
      "main/node_000151",
      "main/node_000152",
      "main/node_000153",
      "main/node_000154",
      "main/node_000155",
      "main/node_000156",
      "main/node_000157",
      "main/node_000158",
      "main/node_000159",
      "main/node_000160",
      "main/node_000161",
      "main/node_000162",
      "main/node_000163",
      "main/node_000164",
      "main/node_000165",
      "main/node_000166",
      "main/node_000167",
      "main/node_000168",
      "main/node_000169",
      "main/node_000170",
      "main/node_000171",
      "main/node_000172",
      "main/node_000173",
      "main/node_000174",
      "main/node_000176",
      "main/node_000177",
      "main/node_000178",
      "main/node_000179",
      "main/node_000181",
      "main/node_000182",
      "main/node_000183",
      "main/node_000184",
      "main/node_000187",
      "main/node_000188",
      "main/node_000189",
      "main/node_000190",
      "main/node_000191",
      "main/node_000192",
      "main/node_000193",
      "main/node_000194",
      "main/node_000195",
      "main/node_000196",
      "main/node_000197",
      "main/node_000198",
      "main/node_000199",
      "main/node_000200",
      "main/node_000201",
      "main/node_000202",
      "main/node_000203",
      "main/node_000204",
      "main/node_000207",
      "main/node_000208",
      "main/node_000209",
      "main/node_000210",
      "main/node_000211",
      "main/node_000212",
      "main/node_000213",
      "main/node_000214",
      "main/node_000215",
      "main/node_000216",
      "main/node_000217",
      "main/node_000218",
      "main/node_000219",
      "main/node_000220",
      "main/node_000222",
      "main/node_000223",
      "main/node_000224",
      "main/node_000226",
      "main/node_000228",
      "main/node_000229",
      "main/node_000230",
      "main/node_000231",
      "main/node_000232",
      "main/node_000233",
      "main/node_000234",
      "main/node_000236",
      "main/node_000237",
      "main/node_000238",
      "main/node_000240",
      "main/node_000242",
      "main/node_000243",
      "main/node_000244",
      "main/node_000245",
      "main/node_000246",
      "main/node_000247",
      "main/node_000248",
      "main/node_000250",
      "main/node_000251",
      "main/node_000252",
      "main/node_000254",
      "main/node_000256",
      "main/node_000257",
      "main/node_000258",
      "main/node_000259",
      "main/node_000260",
      "main/node_000261",
      "main/node_000262",
      "main/node_000264",
      "main/node_000265",
      "main/node_000266",
      "main/node_000268",
      "main/node_000270",
      "main/node_000271",
      "main/node_000272",
      "main/node_000273",
      "main/node_000274",
      "main/node_000275",
      "main/node_000276",
      "main/node_000277",
      "main/node_000278",
      "main/node_000279",
      "main/node_000280"
    ],
    "reachable_outputs": [
      "cls_logits",
      "offset"
    ],
    "representative_paths": [
      {
        "output_tensor": "cls_logits",
        "nodes": [
          "main/node_000050",
          "main/node_000061",
          "main/node_000062",
          "main/node_000064",
          "main/node_000065",
          "main/node_000067",
          "main/node_000068",
          "main/node_000070",
          "main/node_000081",
          "main/node_000109",
          "main/node_000110",
          "main/node_000112",
          "main/node_000208",
          "main/node_000210",
          "main/node_000211",
          "main/node_000212",
          "main/node_000214",
          "main/node_000215",
          "main/node_000216",
          "main/node_000217",
          "main/node_000218",
          "main/node_000219",
          "main/node_000220",
          "main/node_000222",
          "main/node_000271",
          "main/node_000275"
        ],
        "edges": [
          {
            "source": "main/node_000050",
            "target": "main/node_000061",
            "tensors": [
              "/model/model.4/Slice_output_0"
            ]
          },
          {
            "source": "main/node_000061",
            "target": "main/node_000062",
            "tensors": [
              "/model/model.4/Concat_output_0"
            ]
          },
          {
            "source": "main/node_000062",
            "target": "main/node_000064",
            "tensors": [
              "/model/model.4/cv2/conv/Conv_output_0"
            ]
          },
          {
            "source": "main/node_000064",
            "target": "main/node_000065",
            "tensors": [
              "/model/model.4/cv2/act/Mul_output_0"
            ]
          },
          {
            "source": "main/node_000065",
            "target": "main/node_000067",
            "tensors": [
              "/model/model.5/conv/Conv_output_0"
            ]
          },
          {
            "source": "main/node_000067",
            "target": "main/node_000068",
            "tensors": [
              "/model/model.5/act/Mul_output_0"
            ]
          },
          {
            "source": "main/node_000068",
            "target": "main/node_000070",
            "tensors": [
              "/model/model.6/cv1/conv/Conv_output_0"
            ]
          },
          {
            "source": "main/node_000070",
            "target": "main/node_000081",
            "tensors": [
              "/model/model.6/cv1/act/Mul_output_0"
            ]
          },
          {
            "source": "main/node_000081",
            "target": "main/node_000109",
            "tensors": [
              "/model/model.6/Slice_output_0"
            ]
          },
          {
            "source": "main/node_000109",
            "target": "main/node_000110",
            "tensors": [
              "/model/model.6/Concat_output_0"
            ]
          },
          {
            "source": "main/node_000110",
            "target": "main/node_000112",
            "tensors": [
              "/model/model.6/cv2/conv/Conv_output_0"
            ]
          },
          {
            "source": "main/node_000112",
            "target": "main/node_000208",
            "tensors": [
              "/model/model.6/cv2/act/Mul_output_0"
            ]
          },
          {
            "source": "main/node_000208",
            "target": "main/node_000210",
            "tensors": [
              "/model/model.13/conv/Conv_output_0"
            ]
          },
          {
            "source": "main/node_000210",
            "target": "main/node_000211",
            "tensors": [
              "/model/model.13/act/Mul_output_0"
            ]
          },
          {
            "source": "main/node_000211",
            "target": "main/node_000212",
            "tensors": [
              "/model/model.14/Concat_output_0"
            ]
          },
          {
            "source": "main/node_000212",
            "target": "main/node_000214",
            "tensors": [
              "/model/model.15/conv/Conv_output_0"
            ]
          },
          {
            "source": "main/node_000214",
            "target": "main/node_000215",
            "tensors": [
              "/model/model.15/act/Mul_output_0"
            ]
          },
          {
            "source": "main/node_000215",
            "target": "main/node_000216",
            "tensors": [
              "/model/model.16/task_branches.0/conv_1x1/Conv_output_0"
            ]
          },
          {
            "source": "main/node_000216",
            "target": "main/node_000217",
            "tensors": [
              "/model/model.16/task_branches.0/pool/AveragePool_output_0"
            ]
          },
          {
            "source": "main/node_000217",
            "target": "main/node_000218",
            "tensors": [
              "/model/model.16/task_branches.0/Flatten_output_0"
            ]
          },
          {
            "source": "main/node_000218",
            "target": "main/node_000219",
            "tensors": [
              "/model/model.16/task_branches.0/cls_fc1/Gemm_output_0"
            ]
          },
          {
            "source": "main/node_000219",
            "target": "main/node_000220",
            "tensors": [
              "/model/model.16/task_branches.0/act/Relu_output_0"
            ]
          },
          {
            "source": "main/node_000220",
            "target": "main/node_000222",
            "tensors": [
              "/model/model.16/task_branches.0/cls_fc2/Gemm_output_0"
            ]
          },
          {
            "source": "main/node_000222",
            "target": "main/node_000271",
            "tensors": [
              "/model/model.16/task_branches.0/Reshape_output_0"
            ]
          },
          {
            "source": "main/node_000271",
            "target": "main/node_000275",
            "tensors": [
              "/model/model.16/Unsqueeze_output_0"
            ]
          }
        ]
      },
      {
        "output_tensor": "offset",
        "nodes": [
          "main/node_000050",
          "main/node_000061",
          "main/node_000062",
          "main/node_000064",
          "main/node_000065",
          "main/node_000067",
          "main/node_000068",
          "main/node_000070",
          "main/node_000081",
          "main/node_000109",
          "main/node_000110",
          "main/node_000112",
          "main/node_000208",
          "main/node_000210",
          "main/node_000211",
          "main/node_000212",
          "main/node_000214",
          "main/node_000215",
          "main/node_000216",
          "main/node_000217",
          "main/node_000218",
          "main/node_000219",
          "main/node_000223",
          "main/node_000224",
          "main/node_000226",
          "main/node_000228",
          "main/node_000276",
          "main/node_000280"
        ],
        "edges": [
          {
            "source": "main/node_000050",
            "target": "main/node_000061",
            "tensors": [
              "/model/model.4/Slice_output_0"
            ]
          },
          {
            "source": "main/node_000061",
            "target": "main/node_000062",
            "tensors": [
              "/model/model.4/Concat_output_0"
            ]
          },
          {
            "source": "main/node_000062",
            "target": "main/node_000064",
            "tensors": [
              "/model/model.4/cv2/conv/Conv_output_0"
            ]
          },
          {
            "source": "main/node_000064",
            "target": "main/node_000065",
            "tensors": [
              "/model/model.4/cv2/act/Mul_output_0"
            ]
          },
          {
            "source": "main/node_000065",
            "target": "main/node_000067",
            "tensors": [
              "/model/model.5/conv/Conv_output_0"
            ]
          },
          {
            "source": "main/node_000067",
            "target": "main/node_000068",
            "tensors": [
              "/model/model.5/act/Mul_output_0"
            ]
          },
          {
            "source": "main/node_000068",
            "target": "main/node_000070",
            "tensors": [
              "/model/model.6/cv1/conv/Conv_output_0"
            ]
          },
          {
            "source": "main/node_000070",
            "target": "main/node_000081",
            "tensors": [
              "/model/model.6/cv1/act/Mul_output_0"
            ]
          },
          {
            "source": "main/node_000081",
            "target": "main/node_000109",
            "tensors": [
              "/model/model.6/Slice_output_0"
            ]
          },
          {
            "source": "main/node_000109",
            "target": "main/node_000110",
            "tensors": [
              "/model/model.6/Concat_output_0"
            ]
          },
          {
            "source": "main/node_000110",
            "target": "main/node_000112",
            "tensors": [
              "/model/model.6/cv2/conv/Conv_output_0"
            ]
          },
          {
            "source": "main/node_000112",
            "target": "main/node_000208",
            "tensors": [
              "/model/model.6/cv2/act/Mul_output_0"
            ]
          },
          {
            "source": "main/node_000208",
            "target": "main/node_000210",
            "tensors": [
              "/model/model.13/conv/Conv_output_0"
            ]
          },
          {
            "source": "main/node_000210",
            "target": "main/node_000211",
            "tensors": [
              "/model/model.13/act/Mul_output_0"
            ]
          },
          {
            "source": "main/node_000211",
            "target": "main/node_000212",
            "tensors": [
              "/model/model.14/Concat_output_0"
            ]
          },
          {
            "source": "main/node_000212",
            "target": "main/node_000214",
            "tensors": [
              "/model/model.15/conv/Conv_output_0"
            ]
          },
          {
            "source": "main/node_000214",
            "target": "main/node_000215",
            "tensors": [
              "/model/model.15/act/Mul_output_0"
            ]
          },
          {
            "source": "main/node_000215",
            "target": "main/node_000216",
            "tensors": [
              "/model/model.16/task_branches.0/conv_1x1/Conv_output_0"
            ]
          },
          {
            "source": "main/node_000216",
            "target": "main/node_000217",
            "tensors": [
              "/model/model.16/task_branches.0/pool/AveragePool_output_0"
            ]
          },
          {
            "source": "main/node_000217",
            "target": "main/node_000218",
            "tensors": [
              "/model/model.16/task_branches.0/Flatten_output_0"
            ]
          },
          {
            "source": "main/node_000218",
            "target": "main/node_000219",
            "tensors": [
              "/model/model.16/task_branches.0/cls_fc1/Gemm_output_0"
            ]
          },
          {
            "source": "main/node_000219",
            "target": "main/node_000223",
            "tensors": [
              "/model/model.16/task_branches.0/act/Relu_output_0"
            ]
          },
          {
            "source": "main/node_000223",
            "target": "main/node_000224",
            "tensors": [
              "/model/model.16/task_branches.0/offset_fc/Gemm_output_0"
            ]
          },
          {
            "source": "main/node_000224",
            "target": "main/node_000226",
            "tensors": [
              "/model/model.16/task_branches.0/Tanh_output_0"
            ]
          },
          {
            "source": "main/node_000226",
            "target": "main/node_000228",
            "tensors": [
              "/model/model.16/task_branches.0/Reshape_1_output_0"
            ]
          },
          {
            "source": "main/node_000228",
            "target": "main/node_000276",
            "tensors": [
              "/model/model.16/task_branches.0/Mul_output_0"
            ]
          },
          {
            "source": "main/node_000276",
            "target": "main/node_000280",
            "tensors": [
              "/model/model.16/Unsqueeze_4_output_0"
            ]
          }
        ]
      }
    ],
    "paths_truncated": true,
    "path_policy": "每个可达输出仅展示一条 BFS 最短代表路径；其他路径不枚举",
    "reason": "依赖关系不等于下游违规、CPU 回退或精度下降"
  }
}
