{
  "node": {
    "id": "main/node_000250",
    "original_name": "/model/model.16/task_branches.2/Reshape",
    "op_type": "Reshape",
    "domain": "",
    "inputs": [
      "/model/model.16/task_branches.2/cls_fc2/Gemm_output_0",
      "/model/model.16/task_branches.2/Constant_output_0"
    ],
    "outputs": [
      "/model/model.16/task_branches.2/Reshape_output_0"
    ],
    "attributes": {}
  },
  "tensors": [
    {
      "name": "/model/model.16/task_branches.2/cls_fc2/Gemm_output_0",
      "shape": [
        "unk__42",
        9016
      ],
      "dtype": "float32",
      "producer": "main/node_000248",
      "consumers": [
        "main/node_000250"
      ],
      "kind": "intermediate",
      "is_graph_input": false,
      "is_graph_output": false,
      "is_initializer": false
    },
    {
      "name": "/model/model.16/task_branches.2/Constant_output_0",
      "shape": [
        3
      ],
      "dtype": "int64",
      "producer": "main/node_000249",
      "consumers": [
        "main/node_000250"
      ],
      "kind": "constant",
      "is_graph_input": false,
      "is_graph_output": false,
      "is_initializer": false,
      "small_constant": {
        "status": "KNOWN",
        "values": [
          1,
          161,
          56
        ],
        "shape": [
          3
        ],
        "dtype": "int64",
        "reason": null,
        "source": "Constant.value"
      }
    },
    {
      "name": "/model/model.16/task_branches.2/Reshape_output_0",
      "shape": [
        1,
        161,
        56
      ],
      "dtype": "float32",
      "producer": "main/node_000250",
      "consumers": [
        "main/node_000273"
      ],
      "kind": "intermediate",
      "is_graph_input": false,
      "is_graph_output": false,
      "is_initializer": false
    }
  ],
  "diagnostic": {
    "node_id": "main/node_000250",
    "status": "NOT_COVERED",
    "results": [],
    "issues": [],
    "suggestions": []
  },
  "trace": {
    "node_id": "main/node_000250",
    "predecessors": [
      "main/node_000248",
      "main/node_000249"
    ],
    "successors": [
      "main/node_000273"
    ],
    "upstream_neighbors": [
      "main/node_000247",
      "main/node_000248",
      "main/node_000249"
    ],
    "neighborhood": [
      "main/node_000247",
      "main/node_000248",
      "main/node_000249",
      "main/node_000250",
      "main/node_000273",
      "main/node_000275"
    ],
    "downstream_nodes": [
      "main/node_000273",
      "main/node_000275"
    ],
    "reachable_outputs": [
      "cls_logits"
    ],
    "representative_paths": [
      {
        "output_tensor": "cls_logits",
        "nodes": [
          "main/node_000250",
          "main/node_000273",
          "main/node_000275"
        ],
        "edges": [
          {
            "source": "main/node_000250",
            "target": "main/node_000273",
            "tensors": [
              "/model/model.16/task_branches.2/Reshape_output_0"
            ]
          },
          {
            "source": "main/node_000273",
            "target": "main/node_000275",
            "tensors": [
              "/model/model.16/Unsqueeze_2_output_0"
            ]
          }
        ]
      }
    ],
    "paths_truncated": false,
    "path_policy": "每个可达输出仅展示一条 BFS 最短代表路径；其他路径不枚举",
    "reason": "依赖关系不等于下游违规、CPU 回退或精度下降"
  }
}
