{
  "node": {
    "id": "main/node_000234",
    "original_name": "/model/model.16/task_branches.1/cls_fc2/Gemm",
    "op_type": "Gemm",
    "domain": "",
    "inputs": [
      "/model/model.16/task_branches.1/act/Relu_output_0",
      "model.model.16.task_branches.1.cls_fc2.weight",
      "model.model.16.task_branches.1.cls_fc2.bias"
    ],
    "outputs": [
      "/model/model.16/task_branches.1/cls_fc2/Gemm_output_0"
    ],
    "attributes": {
      "alpha": 1.0,
      "beta": 1.0,
      "transB": 1
    }
  },
  "tensors": [
    {
      "name": "/model/model.16/task_branches.1/act/Relu_output_0",
      "shape": [
        "unk__42",
        512
      ],
      "dtype": "float32",
      "producer": "main/node_000233",
      "consumers": [
        "main/node_000234",
        "main/node_000237"
      ],
      "kind": "intermediate",
      "is_graph_input": false,
      "is_graph_output": false,
      "is_initializer": false
    },
    {
      "name": "model.model.16.task_branches.1.cls_fc2.weight",
      "shape": [
        9016,
        512
      ],
      "dtype": "float32",
      "producer": null,
      "consumers": [
        "main/node_000234"
      ],
      "kind": "initializer",
      "is_graph_input": false,
      "is_graph_output": false,
      "is_initializer": true
    },
    {
      "name": "model.model.16.task_branches.1.cls_fc2.bias",
      "shape": [
        9016
      ],
      "dtype": "float32",
      "producer": null,
      "consumers": [
        "main/node_000234"
      ],
      "kind": "initializer",
      "is_graph_input": false,
      "is_graph_output": false,
      "is_initializer": true
    },
    {
      "name": "/model/model.16/task_branches.1/cls_fc2/Gemm_output_0",
      "shape": [
        "unk__42",
        9016
      ],
      "dtype": "float32",
      "producer": "main/node_000234",
      "consumers": [
        "main/node_000236"
      ],
      "kind": "intermediate",
      "is_graph_input": false,
      "is_graph_output": false,
      "is_initializer": false
    }
  ],
  "diagnostic": {
    "node_id": "main/node_000234",
    "status": "NOT_COVERED",
    "results": [],
    "issues": [],
    "suggestions": []
  },
  "trace": {
    "node_id": "main/node_000234",
    "predecessors": [
      "main/node_000233"
    ],
    "successors": [
      "main/node_000236"
    ],
    "upstream_neighbors": [
      "main/node_000232",
      "main/node_000233"
    ],
    "neighborhood": [
      "main/node_000232",
      "main/node_000233",
      "main/node_000234",
      "main/node_000236",
      "main/node_000272"
    ],
    "downstream_nodes": [
      "main/node_000236",
      "main/node_000272",
      "main/node_000275"
    ],
    "reachable_outputs": [
      "cls_logits"
    ],
    "representative_paths": [
      {
        "output_tensor": "cls_logits",
        "nodes": [
          "main/node_000234",
          "main/node_000236",
          "main/node_000272",
          "main/node_000275"
        ],
        "edges": [
          {
            "source": "main/node_000234",
            "target": "main/node_000236",
            "tensors": [
              "/model/model.16/task_branches.1/cls_fc2/Gemm_output_0"
            ]
          },
          {
            "source": "main/node_000236",
            "target": "main/node_000272",
            "tensors": [
              "/model/model.16/task_branches.1/Reshape_output_0"
            ]
          },
          {
            "source": "main/node_000272",
            "target": "main/node_000275",
            "tensors": [
              "/model/model.16/Unsqueeze_1_output_0"
            ]
          }
        ]
      }
    ],
    "paths_truncated": false,
    "path_policy": "每个可达输出仅展示一条 BFS 最短代表路径；其他路径不枚举",
    "reason": "依赖关系不等于下游违规、CPU 回退或精度下降"
  }
}
