[
  {
    "name": "/model/model.0/act/Mul_output_0",
    "resource_category": "intermediate_activation",
    "shape": [
      1,
      32,
      320,
      320
    ],
    "dtype": "float32",
    "storage_kind": "dense",
    "element_count": 3276800,
    "element_size_bytes": 4,
    "raw_bytes": 13107200,
    "mib": 12.5,
    "mb": 13.1072,
    "hypothetical_int8_bytes": 3276800,
    "size_status": "KNOWN",
    "shape_status": "KNOWN",
    "dtype_status": "KNOWN",
    "unknown_reason": null,
    "producer_node_id": "main/node_000002",
    "consumer_node_ids": [
      "main/node_000003"
    ],
    "consumer_count": 1,
    "shared_by_multiple_consumers": false,
    "is_graph_output": false,
    "is_graph_input": false,
    "is_initializer": false,
    "original_kind": "intermediate",
    "classification_note": null
  },
  {
    "name": "/model/model.0/act/Sigmoid_output_0",
    "resource_category": "intermediate_activation",
    "shape": [
      1,
      32,
      320,
      320
    ],
    "dtype": "float32",
    "storage_kind": "dense",
    "element_count": 3276800,
    "element_size_bytes": 4,
    "raw_bytes": 13107200,
    "mib": 12.5,
    "mb": 13.1072,
    "hypothetical_int8_bytes": 3276800,
    "size_status": "KNOWN",
    "shape_status": "KNOWN",
    "dtype_status": "KNOWN",
    "unknown_reason": null,
    "producer_node_id": "main/node_000001",
    "consumer_node_ids": [
      "main/node_000002"
    ],
    "consumer_count": 1,
    "shared_by_multiple_consumers": false,
    "is_graph_output": false,
    "is_graph_input": false,
    "is_initializer": false,
    "original_kind": "intermediate",
    "classification_note": null
  },
  {
    "name": "/model/model.0/conv/Conv_output_0",
    "resource_category": "intermediate_activation",
    "shape": [
      1,
      32,
      320,
      320
    ],
    "dtype": "float32",
    "storage_kind": "dense",
    "element_count": 3276800,
    "element_size_bytes": 4,
    "raw_bytes": 13107200,
    "mib": 12.5,
    "mb": 13.1072,
    "hypothetical_int8_bytes": 3276800,
    "size_status": "KNOWN",
    "shape_status": "KNOWN",
    "dtype_status": "KNOWN",
    "unknown_reason": null,
    "producer_node_id": "main/node_000000",
    "consumer_node_ids": [
      "main/node_000001",
      "main/node_000002"
    ],
    "consumer_count": 2,
    "shared_by_multiple_consumers": true,
    "is_graph_output": false,
    "is_graph_input": false,
    "is_initializer": false,
    "original_kind": "intermediate",
    "classification_note": null
  },
  {
    "name": "/model/model.1/act/Mul_output_0",
    "resource_category": "intermediate_activation",
    "shape": [
      1,
      64,
      160,
      160
    ],
    "dtype": "float32",
    "storage_kind": "dense",
    "element_count": 1638400,
    "element_size_bytes": 4,
    "raw_bytes": 6553600,
    "mib": 6.25,
    "mb": 6.5536,
    "hypothetical_int8_bytes": 1638400,
    "size_status": "KNOWN",
    "shape_status": "KNOWN",
    "dtype_status": "KNOWN",
    "unknown_reason": null,
    "producer_node_id": "main/node_000005",
    "consumer_node_ids": [
      "main/node_000006"
    ],
    "consumer_count": 1,
    "shared_by_multiple_consumers": false,
    "is_graph_output": false,
    "is_graph_input": false,
    "is_initializer": false,
    "original_kind": "intermediate",
    "classification_note": null
  },
  {
    "name": "/model/model.1/act/Sigmoid_output_0",
    "resource_category": "intermediate_activation",
    "shape": [
      1,
      64,
      160,
      160
    ],
    "dtype": "float32",
    "storage_kind": "dense",
    "element_count": 1638400,
    "element_size_bytes": 4,
    "raw_bytes": 6553600,
    "mib": 6.25,
    "mb": 6.5536,
    "hypothetical_int8_bytes": 1638400,
    "size_status": "KNOWN",
    "shape_status": "KNOWN",
    "dtype_status": "KNOWN",
    "unknown_reason": null,
    "producer_node_id": "main/node_000004",
    "consumer_node_ids": [
      "main/node_000005"
    ],
    "consumer_count": 1,
    "shared_by_multiple_consumers": false,
    "is_graph_output": false,
    "is_graph_input": false,
    "is_initializer": false,
    "original_kind": "intermediate",
    "classification_note": null
  },
  {
    "name": "/model/model.1/conv/Conv_output_0",
    "resource_category": "intermediate_activation",
    "shape": [
      1,
      64,
      160,
      160
    ],
    "dtype": "float32",
    "storage_kind": "dense",
    "element_count": 1638400,
    "element_size_bytes": 4,
    "raw_bytes": 6553600,
    "mib": 6.25,
    "mb": 6.5536,
    "hypothetical_int8_bytes": 1638400,
    "size_status": "KNOWN",
    "shape_status": "KNOWN",
    "dtype_status": "KNOWN",
    "unknown_reason": null,
    "producer_node_id": "main/node_000003",
    "consumer_node_ids": [
      "main/node_000004",
      "main/node_000005"
    ],
    "consumer_count": 2,
    "shared_by_multiple_consumers": true,
    "is_graph_output": false,
    "is_graph_input": false,
    "is_initializer": false,
    "original_kind": "intermediate",
    "classification_note": null
  },
  {
    "name": "/model/model.2/cv1/act/Mul_output_0",
    "resource_category": "intermediate_activation",
    "shape": [
      1,
      64,
      160,
      160
    ],
    "dtype": "float32",
    "storage_kind": "dense",
    "element_count": 1638400,
    "element_size_bytes": 4,
    "raw_bytes": 6553600,
    "mib": 6.25,
    "mb": 6.5536,
    "hypothetical_int8_bytes": 1638400,
    "size_status": "KNOWN",
    "shape_status": "KNOWN",
    "dtype_status": "KNOWN",
    "unknown_reason": null,
    "producer_node_id": "main/node_000008",
    "consumer_node_ids": [
      "main/node_000009",
      "main/node_000019",
      "main/node_000022"
    ],
    "consumer_count": 3,
    "shared_by_multiple_consumers": true,
    "is_graph_output": false,
    "is_graph_input": false,
    "is_initializer": false,
    "original_kind": "intermediate",
    "classification_note": null
  },
  {
    "name": "/model/model.2/cv1/act/Sigmoid_output_0",
    "resource_category": "intermediate_activation",
    "shape": [
      1,
      64,
      160,
      160
    ],
    "dtype": "float32",
    "storage_kind": "dense",
    "element_count": 1638400,
    "element_size_bytes": 4,
    "raw_bytes": 6553600,
    "mib": 6.25,
    "mb": 6.5536,
    "hypothetical_int8_bytes": 1638400,
    "size_status": "KNOWN",
    "shape_status": "KNOWN",
    "dtype_status": "KNOWN",
    "unknown_reason": null,
    "producer_node_id": "main/node_000007",
    "consumer_node_ids": [
      "main/node_000008"
    ],
    "consumer_count": 1,
    "shared_by_multiple_consumers": false,
    "is_graph_output": false,
    "is_graph_input": false,
    "is_initializer": false,
    "original_kind": "intermediate",
    "classification_note": null
  },
  {
    "name": "/model/model.2/cv1/conv/Conv_output_0",
    "resource_category": "intermediate_activation",
    "shape": [
      1,
      64,
      160,
      160
    ],
    "dtype": "float32",
    "storage_kind": "dense",
    "element_count": 1638400,
    "element_size_bytes": 4,
    "raw_bytes": 6553600,
    "mib": 6.25,
    "mb": 6.5536,
    "hypothetical_int8_bytes": 1638400,
    "size_status": "KNOWN",
    "shape_status": "KNOWN",
    "dtype_status": "KNOWN",
    "unknown_reason": null,
    "producer_node_id": "main/node_000006",
    "consumer_node_ids": [
      "main/node_000007",
      "main/node_000008"
    ],
    "consumer_count": 2,
    "shared_by_multiple_consumers": true,
    "is_graph_output": false,
    "is_graph_input": false,
    "is_initializer": false,
    "original_kind": "intermediate",
    "classification_note": null
  },
  {
    "name": "/model/model.10/m/m.0/attn/MatMul_output_0",
    "resource_category": "intermediate_activation",
    "shape": [
      1,
      4,
      400,
      400
    ],
    "dtype": "float32",
    "storage_kind": "dense",
    "element_count": 640000,
    "element_size_bytes": 4,
    "raw_bytes": 2560000,
    "mib": 2.44140625,
    "mb": 2.56,
    "hypothetical_int8_bytes": 640000,
    "size_status": "KNOWN",
    "shape_status": "KNOWN",
    "dtype_status": "KNOWN",
    "unknown_reason": null,
    "producer_node_id": "main/node_000179",
    "consumer_node_ids": [
      "main/node_000181"
    ],
    "consumer_count": 1,
    "shared_by_multiple_consumers": false,
    "is_graph_output": false,
    "is_graph_input": false,
    "is_initializer": false,
    "original_kind": "intermediate",
    "classification_note": null
  }
]
