{
  "name": "/model/model.0/act/Mul_output_0",
  "resource_category": "intermediate_activation",
  "shape": [
    1,
    32,
    320,
    320
  ],
  "dtype": "float32",
  "storage_kind": "dense",
  "element_count": 3276800,
  "element_size_bytes": 4,
  "raw_bytes": 13107200,
  "mib": 12.5,
  "mb": 13.1072,
  "hypothetical_int8_bytes": 3276800,
  "size_status": "KNOWN",
  "shape_status": "KNOWN",
  "dtype_status": "KNOWN",
  "unknown_reason": null,
  "producer_node_id": "main/node_000002",
  "consumer_node_ids": [
    "main/node_000003"
  ],
  "consumer_count": 1,
  "shared_by_multiple_consumers": false,
  "is_graph_output": false,
  "is_graph_input": false,
  "is_initializer": false,
  "original_kind": "intermediate",
  "classification_note": null
}
