{
  "node_id": "main/node_000121",
  "predecessors": [
    "main/node_000119",
    "main/node_000120"
  ],
  "successors": [
    "main/node_000124"
  ],
  "upstream_neighbors": [
    "main/node_000118",
    "main/node_000119",
    "main/node_000120"
  ],
  "neighborhood": [
    "main/node_000118",
    "main/node_000119",
    "main/node_000120",
    "main/node_000121",
    "main/node_000124",
    "main/node_000126"
  ],
  "downstream_nodes": [
    "main/node_000124",
    "main/node_000126",
    "main/node_000128",
    "main/node_000129",
    "main/node_000131",
    "main/node_000132",
    "main/node_000133",
    "main/node_000134",
    "main/node_000135",
    "main/node_000136",
    "main/node_000137",
    "main/node_000138",
    "main/node_000139",
    "main/node_000140",
    "main/node_000141",
    "main/node_000142",
    "main/node_000143",
    "main/node_000144",
    "main/node_000145",
    "main/node_000146",
    "main/node_000147",
    "main/node_000148",
    "main/node_000149",
    "main/node_000150",
    "main/node_000151",
    "main/node_000152",
    "main/node_000153",
    "main/node_000154",
    "main/node_000155",
    "main/node_000156",
    "main/node_000157",
    "main/node_000158",
    "main/node_000159",
    "main/node_000160",
    "main/node_000161",
    "main/node_000162",
    "main/node_000163",
    "main/node_000164",
    "main/node_000165",
    "main/node_000166",
    "main/node_000167",
    "main/node_000168",
    "main/node_000169",
    "main/node_000170",
    "main/node_000171",
    "main/node_000172",
    "main/node_000173",
    "main/node_000174",
    "main/node_000176",
    "main/node_000177",
    "main/node_000178",
    "main/node_000179",
    "main/node_000181",
    "main/node_000182",
    "main/node_000183",
    "main/node_000184",
    "main/node_000187",
    "main/node_000188",
    "main/node_000189",
    "main/node_000190",
    "main/node_000191",
    "main/node_000192",
    "main/node_000193",
    "main/node_000194",
    "main/node_000195",
    "main/node_000196",
    "main/node_000197",
    "main/node_000198",
    "main/node_000199",
    "main/node_000200",
    "main/node_000201",
    "main/node_000202",
    "main/node_000203",
    "main/node_000204",
    "main/node_000207",
    "main/node_000211",
    "main/node_000212",
    "main/node_000213",
    "main/node_000214",
    "main/node_000215",
    "main/node_000216",
    "main/node_000217",
    "main/node_000218",
    "main/node_000219",
    "main/node_000220",
    "main/node_000222",
    "main/node_000223",
    "main/node_000224",
    "main/node_000226",
    "main/node_000228",
    "main/node_000229",
    "main/node_000230",
    "main/node_000231",
    "main/node_000232",
    "main/node_000233",
    "main/node_000234",
    "main/node_000236",
    "main/node_000237",
    "main/node_000238",
    "main/node_000240",
    "main/node_000242",
    "main/node_000243",
    "main/node_000244",
    "main/node_000245",
    "main/node_000246",
    "main/node_000247",
    "main/node_000248",
    "main/node_000250",
    "main/node_000251",
    "main/node_000252",
    "main/node_000254",
    "main/node_000256",
    "main/node_000257",
    "main/node_000258",
    "main/node_000259",
    "main/node_000260",
    "main/node_000261",
    "main/node_000262",
    "main/node_000264",
    "main/node_000265",
    "main/node_000266",
    "main/node_000268",
    "main/node_000270",
    "main/node_000271",
    "main/node_000272",
    "main/node_000273",
    "main/node_000274",
    "main/node_000275",
    "main/node_000276",
    "main/node_000277",
    "main/node_000278",
    "main/node_000279",
    "main/node_000280"
  ],
  "reachable_outputs": [
    "cls_logits",
    "offset"
  ],
  "representative_paths": [
    {
      "output_tensor": "cls_logits",
      "nodes": [
        "main/node_000121",
        "main/node_000124",
        "main/node_000126",
        "main/node_000128",
        "main/node_000129",
        "main/node_000157",
        "main/node_000158",
        "main/node_000160",
        "main/node_000169",
        "main/node_000170",
        "main/node_000172",
        "main/node_000173",
        "main/node_000198",
        "main/node_000199",
        "main/node_000201",
        "main/node_000202",
        "main/node_000204",
        "main/node_000207",
        "main/node_000211",
        "main/node_000212",
        "main/node_000214",
        "main/node_000215",
        "main/node_000216",
        "main/node_000217",
        "main/node_000218",
        "main/node_000219",
        "main/node_000220",
        "main/node_000222",
        "main/node_000271",
        "main/node_000275"
      ],
      "edges": [
        {
          "source": "main/node_000121",
          "target": "main/node_000124",
          "tensors": [
            "/model/model.8/Gather_output_0"
          ]
        },
        {
          "source": "main/node_000124",
          "target": "main/node_000126",
          "tensors": [
            "/model/model.8/Add_output_0"
          ]
        },
        {
          "source": "main/node_000126",
          "target": "main/node_000128",
          "tensors": [
            "/model/model.8/Div_output_0"
          ]
        },
        {
          "source": "main/node_000128",
          "target": "main/node_000129",
          "tensors": [
            "/model/model.8/Mul_output_0"
          ]
        },
        {
          "source": "main/node_000129",
          "target": "main/node_000157",
          "tensors": [
            "/model/model.8/Slice_output_0"
          ]
        },
        {
          "source": "main/node_000157",
          "target": "main/node_000158",
          "tensors": [
            "/model/model.8/Concat_output_0"
          ]
        },
        {
          "source": "main/node_000158",
          "target": "main/node_000160",
          "tensors": [
            "/model/model.8/cv2/conv/Conv_output_0"
          ]
        },
        {
          "source": "main/node_000160",
          "target": "main/node_000169",
          "tensors": [
            "/model/model.8/cv2/act/Mul_output_0"
          ]
        },
        {
          "source": "main/node_000169",
          "target": "main/node_000170",
          "tensors": [
            "/model/model.9/Add_output_0"
          ]
        },
        {
          "source": "main/node_000170",
          "target": "main/node_000172",
          "tensors": [
            "/model/model.10/cv1/conv/Conv_output_0"
          ]
        },
        {
          "source": "main/node_000172",
          "target": "main/node_000173",
          "tensors": [
            "/model/model.10/cv1/act/Mul_output_0"
          ]
        },
        {
          "source": "main/node_000173",
          "target": "main/node_000198",
          "tensors": [
            "/model/model.10/Split_output_0"
          ]
        },
        {
          "source": "main/node_000198",
          "target": "main/node_000199",
          "tensors": [
            "/model/model.10/Concat_output_0"
          ]
        },
        {
          "source": "main/node_000199",
          "target": "main/node_000201",
          "tensors": [
            "/model/model.10/cv2/conv/Conv_output_0"
          ]
        },
        {
          "source": "main/node_000201",
          "target": "main/node_000202",
          "tensors": [
            "/model/model.10/cv2/act/Mul_output_0"
          ]
        },
        {
          "source": "main/node_000202",
          "target": "main/node_000204",
          "tensors": [
            "/model/model.11/conv/Conv_output_0"
          ]
        },
        {
          "source": "main/node_000204",
          "target": "main/node_000207",
          "tensors": [
            "/model/model.11/act/Mul_output_0"
          ]
        },
        {
          "source": "main/node_000207",
          "target": "main/node_000211",
          "tensors": [
            "/model/model.12/Resize_output_0"
          ]
        },
        {
          "source": "main/node_000211",
          "target": "main/node_000212",
          "tensors": [
            "/model/model.14/Concat_output_0"
          ]
        },
        {
          "source": "main/node_000212",
          "target": "main/node_000214",
          "tensors": [
            "/model/model.15/conv/Conv_output_0"
          ]
        },
        {
          "source": "main/node_000214",
          "target": "main/node_000215",
          "tensors": [
            "/model/model.15/act/Mul_output_0"
          ]
        },
        {
          "source": "main/node_000215",
          "target": "main/node_000216",
          "tensors": [
            "/model/model.16/task_branches.0/conv_1x1/Conv_output_0"
          ]
        },
        {
          "source": "main/node_000216",
          "target": "main/node_000217",
          "tensors": [
            "/model/model.16/task_branches.0/pool/AveragePool_output_0"
          ]
        },
        {
          "source": "main/node_000217",
          "target": "main/node_000218",
          "tensors": [
            "/model/model.16/task_branches.0/Flatten_output_0"
          ]
        },
        {
          "source": "main/node_000218",
          "target": "main/node_000219",
          "tensors": [
            "/model/model.16/task_branches.0/cls_fc1/Gemm_output_0"
          ]
        },
        {
          "source": "main/node_000219",
          "target": "main/node_000220",
          "tensors": [
            "/model/model.16/task_branches.0/act/Relu_output_0"
          ]
        },
        {
          "source": "main/node_000220",
          "target": "main/node_000222",
          "tensors": [
            "/model/model.16/task_branches.0/cls_fc2/Gemm_output_0"
          ]
        },
        {
          "source": "main/node_000222",
          "target": "main/node_000271",
          "tensors": [
            "/model/model.16/task_branches.0/Reshape_output_0"
          ]
        },
        {
          "source": "main/node_000271",
          "target": "main/node_000275",
          "tensors": [
            "/model/model.16/Unsqueeze_output_0"
          ]
        }
      ]
    },
    {
      "output_tensor": "offset",
      "nodes": [
        "main/node_000121",
        "main/node_000124",
        "main/node_000126",
        "main/node_000128",
        "main/node_000129",
        "main/node_000157",
        "main/node_000158",
        "main/node_000160",
        "main/node_000169",
        "main/node_000170",
        "main/node_000172",
        "main/node_000173",
        "main/node_000198",
        "main/node_000199",
        "main/node_000201",
        "main/node_000202",
        "main/node_000204",
        "main/node_000207",
        "main/node_000211",
        "main/node_000212",
        "main/node_000214",
        "main/node_000215",
        "main/node_000216",
        "main/node_000217",
        "main/node_000218",
        "main/node_000219",
        "main/node_000223",
        "main/node_000224",
        "main/node_000226",
        "main/node_000228",
        "main/node_000276",
        "main/node_000280"
      ],
      "edges": [
        {
          "source": "main/node_000121",
          "target": "main/node_000124",
          "tensors": [
            "/model/model.8/Gather_output_0"
          ]
        },
        {
          "source": "main/node_000124",
          "target": "main/node_000126",
          "tensors": [
            "/model/model.8/Add_output_0"
          ]
        },
        {
          "source": "main/node_000126",
          "target": "main/node_000128",
          "tensors": [
            "/model/model.8/Div_output_0"
          ]
        },
        {
          "source": "main/node_000128",
          "target": "main/node_000129",
          "tensors": [
            "/model/model.8/Mul_output_0"
          ]
        },
        {
          "source": "main/node_000129",
          "target": "main/node_000157",
          "tensors": [
            "/model/model.8/Slice_output_0"
          ]
        },
        {
          "source": "main/node_000157",
          "target": "main/node_000158",
          "tensors": [
            "/model/model.8/Concat_output_0"
          ]
        },
        {
          "source": "main/node_000158",
          "target": "main/node_000160",
          "tensors": [
            "/model/model.8/cv2/conv/Conv_output_0"
          ]
        },
        {
          "source": "main/node_000160",
          "target": "main/node_000169",
          "tensors": [
            "/model/model.8/cv2/act/Mul_output_0"
          ]
        },
        {
          "source": "main/node_000169",
          "target": "main/node_000170",
          "tensors": [
            "/model/model.9/Add_output_0"
          ]
        },
        {
          "source": "main/node_000170",
          "target": "main/node_000172",
          "tensors": [
            "/model/model.10/cv1/conv/Conv_output_0"
          ]
        },
        {
          "source": "main/node_000172",
          "target": "main/node_000173",
          "tensors": [
            "/model/model.10/cv1/act/Mul_output_0"
          ]
        },
        {
          "source": "main/node_000173",
          "target": "main/node_000198",
          "tensors": [
            "/model/model.10/Split_output_0"
          ]
        },
        {
          "source": "main/node_000198",
          "target": "main/node_000199",
          "tensors": [
            "/model/model.10/Concat_output_0"
          ]
        },
        {
          "source": "main/node_000199",
          "target": "main/node_000201",
          "tensors": [
            "/model/model.10/cv2/conv/Conv_output_0"
          ]
        },
        {
          "source": "main/node_000201",
          "target": "main/node_000202",
          "tensors": [
            "/model/model.10/cv2/act/Mul_output_0"
          ]
        },
        {
          "source": "main/node_000202",
          "target": "main/node_000204",
          "tensors": [
            "/model/model.11/conv/Conv_output_0"
          ]
        },
        {
          "source": "main/node_000204",
          "target": "main/node_000207",
          "tensors": [
            "/model/model.11/act/Mul_output_0"
          ]
        },
        {
          "source": "main/node_000207",
          "target": "main/node_000211",
          "tensors": [
            "/model/model.12/Resize_output_0"
          ]
        },
        {
          "source": "main/node_000211",
          "target": "main/node_000212",
          "tensors": [
            "/model/model.14/Concat_output_0"
          ]
        },
        {
          "source": "main/node_000212",
          "target": "main/node_000214",
          "tensors": [
            "/model/model.15/conv/Conv_output_0"
          ]
        },
        {
          "source": "main/node_000214",
          "target": "main/node_000215",
          "tensors": [
            "/model/model.15/act/Mul_output_0"
          ]
        },
        {
          "source": "main/node_000215",
          "target": "main/node_000216",
          "tensors": [
            "/model/model.16/task_branches.0/conv_1x1/Conv_output_0"
          ]
        },
        {
          "source": "main/node_000216",
          "target": "main/node_000217",
          "tensors": [
            "/model/model.16/task_branches.0/pool/AveragePool_output_0"
          ]
        },
        {
          "source": "main/node_000217",
          "target": "main/node_000218",
          "tensors": [
            "/model/model.16/task_branches.0/Flatten_output_0"
          ]
        },
        {
          "source": "main/node_000218",
          "target": "main/node_000219",
          "tensors": [
            "/model/model.16/task_branches.0/cls_fc1/Gemm_output_0"
          ]
        },
        {
          "source": "main/node_000219",
          "target": "main/node_000223",
          "tensors": [
            "/model/model.16/task_branches.0/act/Relu_output_0"
          ]
        },
        {
          "source": "main/node_000223",
          "target": "main/node_000224",
          "tensors": [
            "/model/model.16/task_branches.0/offset_fc/Gemm_output_0"
          ]
        },
        {
          "source": "main/node_000224",
          "target": "main/node_000226",
          "tensors": [
            "/model/model.16/task_branches.0/Tanh_output_0"
          ]
        },
        {
          "source": "main/node_000226",
          "target": "main/node_000228",
          "tensors": [
            "/model/model.16/task_branches.0/Reshape_1_output_0"
          ]
        },
        {
          "source": "main/node_000228",
          "target": "main/node_000276",
          "tensors": [
            "/model/model.16/task_branches.0/Mul_output_0"
          ]
        },
        {
          "source": "main/node_000276",
          "target": "main/node_000280",
          "tensors": [
            "/model/model.16/Unsqueeze_4_output_0"
          ]
        }
      ]
    }
  ],
  "paths_truncated": true,
  "path_policy": "每个可达输出仅展示一条 BFS 最短代表路径；其他路径不枚举",
  "reason": "依赖关系不等于下游违规、CPU 回退或精度下降"
}
