{
  "node_id": "main/node_000266",
  "predecessors": [
    "main/node_000265"
  ],
  "successors": [
    "main/node_000268"
  ],
  "upstream_neighbors": [
    "main/node_000261",
    "main/node_000265"
  ],
  "neighborhood": [
    "main/node_000261",
    "main/node_000265",
    "main/node_000266",
    "main/node_000268",
    "main/node_000270"
  ],
  "downstream_nodes": [
    "main/node_000268",
    "main/node_000270",
    "main/node_000279",
    "main/node_000280"
  ],
  "reachable_outputs": [
    "offset"
  ],
  "representative_paths": [
    {
      "output_tensor": "offset",
      "nodes": [
        "main/node_000266",
        "main/node_000268",
        "main/node_000270",
        "main/node_000279",
        "main/node_000280"
      ],
      "edges": [
        {
          "source": "main/node_000266",
          "target": "main/node_000268",
          "tensors": [
            "/model/model.16/task_branches.3/Tanh_output_0"
          ]
        },
        {
          "source": "main/node_000268",
          "target": "main/node_000270",
          "tensors": [
            "/model/model.16/task_branches.3/Reshape_1_output_0"
          ]
        },
        {
          "source": "main/node_000270",
          "target": "main/node_000279",
          "tensors": [
            "/model/model.16/task_branches.3/Mul_output_0"
          ]
        },
        {
          "source": "main/node_000279",
          "target": "main/node_000280",
          "tensors": [
            "/model/model.16/Unsqueeze_7_output_0"
          ]
        }
      ]
    }
  ],
  "paths_truncated": false,
  "path_policy": "每个可达输出仅展示一条 BFS 最短代表路径；其他路径不枚举",
  "reason": "依赖关系不等于下游违规、CPU 回退或精度下降"
}
