{
  "node": {
    "id": "main/node_000224",
    "original_name": "/model/model.16/task_branches.0/Tanh",
    "op_type": "Tanh",
    "domain": "",
    "inputs": [
      "/model/model.16/task_branches.0/offset_fc/Gemm_output_0"
    ],
    "outputs": [
      "/model/model.16/task_branches.0/Tanh_output_0"
    ],
    "attributes": {}
  },
  "tensors": [
    {
      "name": "/model/model.16/task_branches.0/offset_fc/Gemm_output_0",
      "shape": [
        "unk__42",
        56
      ],
      "dtype": "float32",
      "producer": "main/node_000223",
      "consumers": [
        "main/node_000224"
      ],
      "kind": "intermediate",
      "is_graph_input": false,
      "is_graph_output": false,
      "is_initializer": false
    },
    {
      "name": "/model/model.16/task_branches.0/Tanh_output_0",
      "shape": [
        "unk__42",
        56
      ],
      "dtype": "float32",
      "producer": "main/node_000224",
      "consumers": [
        "main/node_000226"
      ],
      "kind": "intermediate",
      "is_graph_input": false,
      "is_graph_output": false,
      "is_initializer": false
    }
  ],
  "diagnostic": {
    "node_id": "main/node_000224",
    "status": "NOT_COVERED",
    "results": [],
    "issues": [],
    "suggestions": []
  },
  "trace": {
    "node_id": "main/node_000224",
    "predecessors": [
      "main/node_000223"
    ],
    "successors": [
      "main/node_000226"
    ],
    "upstream_neighbors": [
      "main/node_000219",
      "main/node_000223"
    ],
    "neighborhood": [
      "main/node_000219",
      "main/node_000223",
      "main/node_000224",
      "main/node_000226",
      "main/node_000228"
    ],
    "downstream_nodes": [
      "main/node_000226",
      "main/node_000228",
      "main/node_000276",
      "main/node_000280"
    ],
    "reachable_outputs": [
      "offset"
    ],
    "representative_paths": [
      {
        "output_tensor": "offset",
        "nodes": [
          "main/node_000224",
          "main/node_000226",
          "main/node_000228",
          "main/node_000276",
          "main/node_000280"
        ],
        "edges": [
          {
            "source": "main/node_000224",
            "target": "main/node_000226",
            "tensors": [
              "/model/model.16/task_branches.0/Tanh_output_0"
            ]
          },
          {
            "source": "main/node_000226",
            "target": "main/node_000228",
            "tensors": [
              "/model/model.16/task_branches.0/Reshape_1_output_0"
            ]
          },
          {
            "source": "main/node_000228",
            "target": "main/node_000276",
            "tensors": [
              "/model/model.16/task_branches.0/Mul_output_0"
            ]
          },
          {
            "source": "main/node_000276",
            "target": "main/node_000280",
            "tensors": [
              "/model/model.16/Unsqueeze_4_output_0"
            ]
          }
        ]
      }
    ],
    "paths_truncated": false,
    "path_policy": "每个可达输出仅展示一条 BFS 最短代表路径；其他路径不枚举",
    "reason": "依赖关系不等于下游违规、CPU 回退或精度下降"
  }
}
