{
  "node": {
    "id": "main/node_000248",
    "original_name": "/model/model.16/task_branches.2/cls_fc2/Gemm",
    "op_type": "Gemm",
    "domain": "",
    "inputs": [
      "/model/model.16/task_branches.2/act/Relu_output_0",
      "model.model.16.task_branches.2.cls_fc2.weight",
      "model.model.16.task_branches.2.cls_fc2.bias"
    ],
    "outputs": [
      "/model/model.16/task_branches.2/cls_fc2/Gemm_output_0"
    ],
    "attributes": {
      "alpha": 1.0,
      "beta": 1.0,
      "transB": 1
    }
  },
  "tensors": [
    {
      "name": "/model/model.16/task_branches.2/act/Relu_output_0",
      "shape": [
        "unk__42",
        512
      ],
      "dtype": "float32",
      "producer": "main/node_000247",
      "consumers": [
        "main/node_000248",
        "main/node_000251"
      ],
      "kind": "intermediate",
      "is_graph_input": false,
      "is_graph_output": false,
      "is_initializer": false
    },
    {
      "name": "model.model.16.task_branches.2.cls_fc2.weight",
      "shape": [
        9016,
        512
      ],
      "dtype": "float32",
      "producer": null,
      "consumers": [
        "main/node_000248"
      ],
      "kind": "initializer",
      "is_graph_input": false,
      "is_graph_output": false,
      "is_initializer": true
    },
    {
      "name": "model.model.16.task_branches.2.cls_fc2.bias",
      "shape": [
        9016
      ],
      "dtype": "float32",
      "producer": null,
      "consumers": [
        "main/node_000248"
      ],
      "kind": "initializer",
      "is_graph_input": false,
      "is_graph_output": false,
      "is_initializer": true
    },
    {
      "name": "/model/model.16/task_branches.2/cls_fc2/Gemm_output_0",
      "shape": [
        "unk__42",
        9016
      ],
      "dtype": "float32",
      "producer": "main/node_000248",
      "consumers": [
        "main/node_000250"
      ],
      "kind": "intermediate",
      "is_graph_input": false,
      "is_graph_output": false,
      "is_initializer": false
    }
  ],
  "diagnostic": {
    "node_id": "main/node_000248",
    "status": "NOT_COVERED",
    "results": [],
    "issues": [],
    "suggestions": []
  },
  "trace": {
    "node_id": "main/node_000248",
    "predecessors": [
      "main/node_000247"
    ],
    "successors": [
      "main/node_000250"
    ],
    "upstream_neighbors": [
      "main/node_000246",
      "main/node_000247"
    ],
    "neighborhood": [
      "main/node_000246",
      "main/node_000247",
      "main/node_000248",
      "main/node_000250",
      "main/node_000273"
    ],
    "downstream_nodes": [
      "main/node_000250",
      "main/node_000273",
      "main/node_000275"
    ],
    "reachable_outputs": [
      "cls_logits"
    ],
    "representative_paths": [
      {
        "output_tensor": "cls_logits",
        "nodes": [
          "main/node_000248",
          "main/node_000250",
          "main/node_000273",
          "main/node_000275"
        ],
        "edges": [
          {
            "source": "main/node_000248",
            "target": "main/node_000250",
            "tensors": [
              "/model/model.16/task_branches.2/cls_fc2/Gemm_output_0"
            ]
          },
          {
            "source": "main/node_000250",
            "target": "main/node_000273",
            "tensors": [
              "/model/model.16/task_branches.2/Reshape_output_0"
            ]
          },
          {
            "source": "main/node_000273",
            "target": "main/node_000275",
            "tensors": [
              "/model/model.16/Unsqueeze_2_output_0"
            ]
          }
        ]
      }
    ],
    "paths_truncated": false,
    "path_policy": "每个可达输出仅展示一条 BFS 最短代表路径；其他路径不枚举",
    "reason": "依赖关系不等于下游违规、CPU 回退或精度下降"
  }
}
