{
  "node": {
    "id": "main/node_000174",
    "original_name": "/model/model.10/m/m.0/attn/qkv/conv/Conv",
    "op_type": "Conv",
    "domain": "",
    "inputs": [
      "/model/model.10/Split_output_1",
      "onnx::Conv_773",
      "onnx::Conv_774"
    ],
    "outputs": [
      "/model/model.10/m/m.0/attn/qkv/conv/Conv_output_0"
    ],
    "attributes": {
      "dilations": [
        1,
        1
      ],
      "group": 1,
      "kernel_shape": [
        1,
        1
      ],
      "pads": [
        0,
        0,
        0,
        0
      ],
      "strides": [
        1,
        1
      ]
    },
    "conv": {
      "scope": "conv2d",
      "fields": {
        "input_h": "unk__116",
        "input_c": 256,
        "shortcut_fusion": null,
        "out_channels": 512,
        "has_dilation": false,
        "output_c": 512,
        "strides_w": 1,
        "output_w": "unk__119",
        "group": 1,
        "input_dtype": "float32",
        "dilation_h_divisible": null,
        "kernel_h": 1,
        "input_w": "unk__117",
        "output_h": "unk__118",
        "kernel_elements_per_group": 256,
        "pads_right": 0,
        "out_channels_per_group": 512,
        "output_n": "unk__75",
        "input_rank": 4,
        "input_n": "unk__75",
        "quantized_output_dtype": null,
        "dilation_w": 1,
        "dilation_w_divisible": null,
        "pads_top": 0,
        "output_rank": 4,
        "pads_left": 0,
        "dilation_h": 1,
        "in_channels_per_group": 256,
        "strides_h": 1,
        "pads_bottom": 0,
        "auto_pad": "NOTSET",
        "kernel_w": 1,
        "weight_shape": [
          512,
          256,
          1,
          1
        ],
        "output_dtype": "float32",
        "quantized_subgraph_last": null
      },
      "issues": []
    }
  },
  "tensors": [
    {
      "name": "/model/model.10/Split_output_1",
      "shape": [
        "unk__75",
        256,
        "unk__116",
        "unk__117"
      ],
      "dtype": "float32",
      "producer": "main/node_000173",
      "consumers": [
        "main/node_000174",
        "main/node_000192"
      ],
      "kind": "intermediate",
      "is_graph_input": false,
      "is_graph_output": false,
      "is_initializer": false
    },
    {
      "name": "onnx::Conv_773",
      "shape": [
        512,
        256,
        1,
        1
      ],
      "dtype": "float32",
      "producer": null,
      "consumers": [
        "main/node_000174"
      ],
      "kind": "initializer",
      "is_graph_input": false,
      "is_graph_output": false,
      "is_initializer": true
    },
    {
      "name": "onnx::Conv_774",
      "shape": [
        512
      ],
      "dtype": "float32",
      "producer": null,
      "consumers": [
        "main/node_000174"
      ],
      "kind": "initializer",
      "is_graph_input": false,
      "is_graph_output": false,
      "is_initializer": true
    },
    {
      "name": "/model/model.10/m/m.0/attn/qkv/conv/Conv_output_0",
      "shape": [
        "unk__75",
        512,
        "unk__118",
        "unk__119"
      ],
      "dtype": "float32",
      "producer": "main/node_000174",
      "consumers": [
        "main/node_000176"
      ],
      "kind": "intermediate",
      "is_graph_input": false,
      "is_graph_output": false,
      "is_initializer": false
    }
  ],
  "diagnostic": {
    "node_id": "main/node_000174",
    "status": "NO_VIOLATION_FOUND",
    "scope": "conv2d",
    "results": [
      {
        "rule_id": "X5-CONV2D-KERNEL-H",
        "field": "kernel_h",
        "actual": 1,
        "expected": {
          "min": 1,
          "max": 31
        },
        "source_url": "https://developer.d-robotics.cc/rdk_x_doc/Advanced_development/toolchain_development/intermediate/supported_op_list",
        "source_section": "RDK X5 支持的 ONNX 算子列表 / Conv / 四维输入（conv2d）/ X5 BPU 支持约束",
        "checkability": "auto_check",
        "status": "PASS",
        "reason": "已检查规则未发现违规"
      },
      {
        "rule_id": "X5-CONV2D-KERNEL-W",
        "field": "kernel_w",
        "actual": 1,
        "expected": {
          "min": 1,
          "max": 31
        },
        "source_url": "https://developer.d-robotics.cc/rdk_x_doc/Advanced_development/toolchain_development/intermediate/supported_op_list",
        "source_section": "RDK X5 支持的 ONNX 算子列表 / Conv / 四维输入（conv2d）/ X5 BPU 支持约束",
        "checkability": "auto_check",
        "status": "PASS",
        "reason": "已检查规则未发现违规"
      },
      {
        "rule_id": "X5-CONV2D-KERNEL-VOLUME",
        "field": "kernel_elements_per_group",
        "actual": 256,
        "expected": {
          "max": 32767
        },
        "source_url": "https://developer.d-robotics.cc/rdk_x_doc/Advanced_development/toolchain_development/intermediate/supported_op_list",
        "source_section": "RDK X5 支持的 ONNX 算子列表 / Conv / 四维输入（conv2d）/ X5 BPU 支持约束",
        "checkability": "auto_check",
        "status": "PASS",
        "reason": "已检查规则未发现违规"
      },
      {
        "rule_id": "X5-CONV2D-STRIDE-H",
        "field": "strides_h",
        "actual": 1,
        "expected": {
          "min": 1,
          "max": 256
        },
        "source_url": "https://developer.d-robotics.cc/rdk_x_doc/Advanced_development/toolchain_development/intermediate/supported_op_list",
        "source_section": "RDK X5 支持的 ONNX 算子列表 / Conv / 四维输入（conv2d）/ X5 BPU 支持约束",
        "checkability": "auto_check",
        "status": "PASS",
        "reason": "已检查规则未发现违规"
      },
      {
        "rule_id": "X5-CONV2D-DILATION-H",
        "field": "dilation_h",
        "actual": 1,
        "expected": {
          "min": 1,
          "max": 16
        },
        "source_url": "https://developer.d-robotics.cc/rdk_x_doc/Advanced_development/toolchain_development/intermediate/supported_op_list",
        "source_section": "RDK X5 支持的 ONNX 算子列表 / Conv / 四维输入（conv2d）/ X5 BPU 支持约束",
        "checkability": "auto_check",
        "status": "PASS",
        "reason": "已检查规则未发现违规"
      },
      {
        "rule_id": "X5-CONV2D-STRIDE-W",
        "field": "strides_w",
        "actual": 1,
        "expected": {
          "min": 1,
          "max": 256
        },
        "source_url": "https://developer.d-robotics.cc/rdk_x_doc/Advanced_development/toolchain_development/intermediate/supported_op_list",
        "source_section": "RDK X5 支持的 ONNX 算子列表 / Conv / 四维输入（conv2d）/ X5 BPU 支持约束",
        "checkability": "auto_check",
        "status": "PASS",
        "reason": "已检查规则未发现违规"
      },
      {
        "rule_id": "X5-CONV2D-DILATION-W",
        "field": "dilation_w",
        "actual": 1,
        "expected": {
          "min": 1,
          "max": 16
        },
        "source_url": "https://developer.d-robotics.cc/rdk_x_doc/Advanced_development/toolchain_development/intermediate/supported_op_list",
        "source_section": "RDK X5 支持的 ONNX 算子列表 / Conv / 四维输入（conv2d）/ X5 BPU 支持约束",
        "checkability": "auto_check",
        "status": "PASS",
        "reason": "已检查规则未发现违规"
      },
      {
        "rule_id": "X5-CONV2D-PAD-TOP",
        "field": "pads_top",
        "actual": 0,
        "expected": {
          "min": 0,
          "max": 256
        },
        "source_url": "https://developer.d-robotics.cc/rdk_x_doc/Advanced_development/toolchain_development/intermediate/supported_op_list",
        "source_section": "RDK X5 支持的 ONNX 算子列表 / Conv / 四维输入（conv2d）/ X5 BPU 支持约束",
        "checkability": "auto_check",
        "status": "PASS",
        "reason": "已检查规则未发现违规"
      },
      {
        "rule_id": "X5-CONV2D-PAD-LEFT",
        "field": "pads_left",
        "actual": 0,
        "expected": {
          "min": 0,
          "max": 256
        },
        "source_url": "https://developer.d-robotics.cc/rdk_x_doc/Advanced_development/toolchain_development/intermediate/supported_op_list",
        "source_section": "RDK X5 支持的 ONNX 算子列表 / Conv / 四维输入（conv2d）/ X5 BPU 支持约束",
        "checkability": "auto_check",
        "status": "PASS",
        "reason": "已检查规则未发现违规"
      },
      {
        "rule_id": "X5-CONV2D-PAD-BOTTOM",
        "field": "pads_bottom",
        "actual": 0,
        "expected": {
          "min": 0,
          "max": 256
        },
        "source_url": "https://developer.d-robotics.cc/rdk_x_doc/Advanced_development/toolchain_development/intermediate/supported_op_list",
        "source_section": "RDK X5 支持的 ONNX 算子列表 / Conv / 四维输入（conv2d）/ X5 BPU 支持约束",
        "checkability": "auto_check",
        "status": "PASS",
        "reason": "已检查规则未发现违规"
      },
      {
        "rule_id": "X5-CONV2D-PAD-RIGHT",
        "field": "pads_right",
        "actual": 0,
        "expected": {
          "min": 0,
          "max": 256
        },
        "source_url": "https://developer.d-robotics.cc/rdk_x_doc/Advanced_development/toolchain_development/intermediate/supported_op_list",
        "source_section": "RDK X5 支持的 ONNX 算子列表 / Conv / 四维输入（conv2d）/ X5 BPU 支持约束",
        "checkability": "auto_check",
        "status": "PASS",
        "reason": "已检查规则未发现违规"
      },
      {
        "rule_id": "X5-CONV2D-DILATED-STRIDE-H",
        "field": "strides_h",
        "actual": 1,
        "expected": {
          "equals": 1
        },
        "source_url": "https://developer.d-robotics.cc/rdk_x_doc/Advanced_development/toolchain_development/intermediate/supported_op_list",
        "source_section": "RDK X5 支持的 ONNX 算子列表 / Conv / 四维输入（conv2d）/ X5 BPU 支持约束",
        "checkability": "auto_check",
        "status": "NOT_APPLICABLE",
        "reason": "触发条件不成立"
      },
      {
        "rule_id": "X5-CONV2D-DILATED-DIVISIBLE-H",
        "field": "dilation_h_divisible",
        "actual": null,
        "expected": {
          "equals": true
        },
        "source_url": "https://developer.d-robotics.cc/rdk_x_doc/Advanced_development/toolchain_development/intermediate/supported_op_list",
        "source_section": "RDK X5 支持的 ONNX 算子列表 / Conv / 四维输入（conv2d）/ X5 BPU 支持约束",
        "checkability": "auto_check",
        "status": "NOT_APPLICABLE",
        "reason": "触发条件不成立"
      },
      {
        "rule_id": "X5-CONV2D-DILATED-STRIDE-W",
        "field": "strides_w",
        "actual": 1,
        "expected": {
          "equals": 1
        },
        "source_url": "https://developer.d-robotics.cc/rdk_x_doc/Advanced_development/toolchain_development/intermediate/supported_op_list",
        "source_section": "RDK X5 支持的 ONNX 算子列表 / Conv / 四维输入（conv2d）/ X5 BPU 支持约束",
        "checkability": "auto_check",
        "status": "NOT_APPLICABLE",
        "reason": "触发条件不成立"
      },
      {
        "rule_id": "X5-CONV2D-DILATED-DIVISIBLE-W",
        "field": "dilation_w_divisible",
        "actual": null,
        "expected": {
          "equals": true
        },
        "source_url": "https://developer.d-robotics.cc/rdk_x_doc/Advanced_development/toolchain_development/intermediate/supported_op_list",
        "source_section": "RDK X5 支持的 ONNX 算子列表 / Conv / 四维输入（conv2d）/ X5 BPU 支持约束",
        "checkability": "auto_check",
        "status": "NOT_APPLICABLE",
        "reason": "触发条件不成立"
      },
      {
        "rule_id": "X5-CONV2D-DILATED-OUTPUT",
        "field": "quantized_output_dtype",
        "actual": null,
        "expected": {
          "equals": "int8"
        },
        "source_url": "https://developer.d-robotics.cc/rdk_x_doc/Advanced_development/toolchain_development/intermediate/supported_op_list",
        "source_section": "RDK X5 支持的 ONNX 算子列表 / Conv / 四维输入（conv2d）/ X5 BPU 支持约束",
        "checkability": "conditional",
        "status": "NOT_APPLICABLE",
        "reason": "触发条件不成立"
      },
      {
        "rule_id": "X5-CONV2D-CHANNEL-IN_CHANNELS_PER_GROUP",
        "field": "in_channels_per_group",
        "actual": 256,
        "expected": {
          "max": 8192
        },
        "source_url": "https://developer.d-robotics.cc/rdk_x_doc/Advanced_development/toolchain_development/intermediate/supported_op_list",
        "source_section": "RDK X5 支持的 ONNX 算子列表 / Conv / 四维输入（conv2d）/ X5 BPU 支持约束",
        "checkability": "conditional",
        "status": "NOT_APPLICABLE",
        "reason": "触发条件不成立"
      },
      {
        "rule_id": "X5-CONV2D-CHANNEL-OUT_CHANNELS_PER_GROUP",
        "field": "out_channels_per_group",
        "actual": 512,
        "expected": {
          "max": 8192
        },
        "source_url": "https://developer.d-robotics.cc/rdk_x_doc/Advanced_development/toolchain_development/intermediate/supported_op_list",
        "source_section": "RDK X5 支持的 ONNX 算子列表 / Conv / 四维输入（conv2d）/ X5 BPU 支持约束",
        "checkability": "conditional",
        "status": "NOT_APPLICABLE",
        "reason": "触发条件不成立"
      },
      {
        "rule_id": "X5-CONV2D-CHANNEL-OUT_CHANNELS",
        "field": "out_channels",
        "actual": 512,
        "expected": {
          "max": 8192
        },
        "source_url": "https://developer.d-robotics.cc/rdk_x_doc/Advanced_development/toolchain_development/intermediate/supported_op_list",
        "source_section": "RDK X5 支持的 ONNX 算子列表 / Conv / 四维输入（conv2d）/ X5 BPU 支持约束",
        "checkability": "conditional",
        "status": "NOT_APPLICABLE",
        "reason": "触发条件不成立"
      }
    ],
    "issues": [],
    "suggestions": [
      {
        "node_id": "main/node_000174",
        "rule_id": null,
        "category": "无需修改",
        "evidence": {
          "status": "NO_VIOLATION_FOUND"
        },
        "text": "目前没有静态违规证据支持修改该节点；先补足未知信息并验证工具链。",
        "validation_needed": "实际工具链 checker"
      }
    ]
  },
  "trace": {
    "node_id": "main/node_000174",
    "predecessors": [
      "main/node_000173"
    ],
    "successors": [
      "main/node_000176"
    ],
    "upstream_neighbors": [
      "main/node_000172",
      "main/node_000173"
    ],
    "neighborhood": [
      "main/node_000172",
      "main/node_000173",
      "main/node_000174",
      "main/node_000176",
      "main/node_000177"
    ],
    "downstream_nodes": [
      "main/node_000176",
      "main/node_000177",
      "main/node_000178",
      "main/node_000179",
      "main/node_000181",
      "main/node_000182",
      "main/node_000183",
      "main/node_000184",
      "main/node_000187",
      "main/node_000188",
      "main/node_000189",
      "main/node_000190",
      "main/node_000191",
      "main/node_000192",
      "main/node_000193",
      "main/node_000194",
      "main/node_000195",
      "main/node_000196",
      "main/node_000197",
      "main/node_000198",
      "main/node_000199",
      "main/node_000200",
      "main/node_000201",
      "main/node_000202",
      "main/node_000203",
      "main/node_000204",
      "main/node_000207",
      "main/node_000211",
      "main/node_000212",
      "main/node_000213",
      "main/node_000214",
      "main/node_000215",
      "main/node_000216",
      "main/node_000217",
      "main/node_000218",
      "main/node_000219",
      "main/node_000220",
      "main/node_000222",
      "main/node_000223",
      "main/node_000224",
      "main/node_000226",
      "main/node_000228",
      "main/node_000229",
      "main/node_000230",
      "main/node_000231",
      "main/node_000232",
      "main/node_000233",
      "main/node_000234",
      "main/node_000236",
      "main/node_000237",
      "main/node_000238",
      "main/node_000240",
      "main/node_000242",
      "main/node_000243",
      "main/node_000244",
      "main/node_000245",
      "main/node_000246",
      "main/node_000247",
      "main/node_000248",
      "main/node_000250",
      "main/node_000251",
      "main/node_000252",
      "main/node_000254",
      "main/node_000256",
      "main/node_000257",
      "main/node_000258",
      "main/node_000259",
      "main/node_000260",
      "main/node_000261",
      "main/node_000262",
      "main/node_000264",
      "main/node_000265",
      "main/node_000266",
      "main/node_000268",
      "main/node_000270",
      "main/node_000271",
      "main/node_000272",
      "main/node_000273",
      "main/node_000274",
      "main/node_000275",
      "main/node_000276",
      "main/node_000277",
      "main/node_000278",
      "main/node_000279",
      "main/node_000280"
    ],
    "reachable_outputs": [
      "cls_logits",
      "offset"
    ],
    "representative_paths": [
      {
        "output_tensor": "cls_logits",
        "nodes": [
          "main/node_000174",
          "main/node_000176",
          "main/node_000177",
          "main/node_000184",
          "main/node_000187",
          "main/node_000190",
          "main/node_000191",
          "main/node_000192",
          "main/node_000197",
          "main/node_000198",
          "main/node_000199",
          "main/node_000201",
          "main/node_000202",
          "main/node_000204",
          "main/node_000207",
          "main/node_000211",
          "main/node_000212",
          "main/node_000214",
          "main/node_000215",
          "main/node_000216",
          "main/node_000217",
          "main/node_000218",
          "main/node_000219",
          "main/node_000220",
          "main/node_000222",
          "main/node_000271",
          "main/node_000275"
        ],
        "edges": [
          {
            "source": "main/node_000174",
            "target": "main/node_000176",
            "tensors": [
              "/model/model.10/m/m.0/attn/qkv/conv/Conv_output_0"
            ]
          },
          {
            "source": "main/node_000176",
            "target": "main/node_000177",
            "tensors": [
              "/model/model.10/m/m.0/attn/Reshape_output_0"
            ]
          },
          {
            "source": "main/node_000177",
            "target": "main/node_000184",
            "tensors": [
              "/model/model.10/m/m.0/attn/Split_output_2"
            ]
          },
          {
            "source": "main/node_000184",
            "target": "main/node_000187",
            "tensors": [
              "/model/model.10/m/m.0/attn/MatMul_1_output_0"
            ]
          },
          {
            "source": "main/node_000187",
            "target": "main/node_000190",
            "tensors": [
              "/model/model.10/m/m.0/attn/Reshape_1_output_0"
            ]
          },
          {
            "source": "main/node_000190",
            "target": "main/node_000191",
            "tensors": [
              "/model/model.10/m/m.0/attn/Add_output_0"
            ]
          },
          {
            "source": "main/node_000191",
            "target": "main/node_000192",
            "tensors": [
              "/model/model.10/m/m.0/attn/proj/conv/Conv_output_0"
            ]
          },
          {
            "source": "main/node_000192",
            "target": "main/node_000197",
            "tensors": [
              "/model/model.10/m/m.0/Add_output_0"
            ]
          },
          {
            "source": "main/node_000197",
            "target": "main/node_000198",
            "tensors": [
              "/model/model.10/m/m.0/Add_1_output_0"
            ]
          },
          {
            "source": "main/node_000198",
            "target": "main/node_000199",
            "tensors": [
              "/model/model.10/Concat_output_0"
            ]
          },
          {
            "source": "main/node_000199",
            "target": "main/node_000201",
            "tensors": [
              "/model/model.10/cv2/conv/Conv_output_0"
            ]
          },
          {
            "source": "main/node_000201",
            "target": "main/node_000202",
            "tensors": [
              "/model/model.10/cv2/act/Mul_output_0"
            ]
          },
          {
            "source": "main/node_000202",
            "target": "main/node_000204",
            "tensors": [
              "/model/model.11/conv/Conv_output_0"
            ]
          },
          {
            "source": "main/node_000204",
            "target": "main/node_000207",
            "tensors": [
              "/model/model.11/act/Mul_output_0"
            ]
          },
          {
            "source": "main/node_000207",
            "target": "main/node_000211",
            "tensors": [
              "/model/model.12/Resize_output_0"
            ]
          },
          {
            "source": "main/node_000211",
            "target": "main/node_000212",
            "tensors": [
              "/model/model.14/Concat_output_0"
            ]
          },
          {
            "source": "main/node_000212",
            "target": "main/node_000214",
            "tensors": [
              "/model/model.15/conv/Conv_output_0"
            ]
          },
          {
            "source": "main/node_000214",
            "target": "main/node_000215",
            "tensors": [
              "/model/model.15/act/Mul_output_0"
            ]
          },
          {
            "source": "main/node_000215",
            "target": "main/node_000216",
            "tensors": [
              "/model/model.16/task_branches.0/conv_1x1/Conv_output_0"
            ]
          },
          {
            "source": "main/node_000216",
            "target": "main/node_000217",
            "tensors": [
              "/model/model.16/task_branches.0/pool/AveragePool_output_0"
            ]
          },
          {
            "source": "main/node_000217",
            "target": "main/node_000218",
            "tensors": [
              "/model/model.16/task_branches.0/Flatten_output_0"
            ]
          },
          {
            "source": "main/node_000218",
            "target": "main/node_000219",
            "tensors": [
              "/model/model.16/task_branches.0/cls_fc1/Gemm_output_0"
            ]
          },
          {
            "source": "main/node_000219",
            "target": "main/node_000220",
            "tensors": [
              "/model/model.16/task_branches.0/act/Relu_output_0"
            ]
          },
          {
            "source": "main/node_000220",
            "target": "main/node_000222",
            "tensors": [
              "/model/model.16/task_branches.0/cls_fc2/Gemm_output_0"
            ]
          },
          {
            "source": "main/node_000222",
            "target": "main/node_000271",
            "tensors": [
              "/model/model.16/task_branches.0/Reshape_output_0"
            ]
          },
          {
            "source": "main/node_000271",
            "target": "main/node_000275",
            "tensors": [
              "/model/model.16/Unsqueeze_output_0"
            ]
          }
        ]
      },
      {
        "output_tensor": "offset",
        "nodes": [
          "main/node_000174",
          "main/node_000176",
          "main/node_000177",
          "main/node_000184",
          "main/node_000187",
          "main/node_000190",
          "main/node_000191",
          "main/node_000192",
          "main/node_000197",
          "main/node_000198",
          "main/node_000199",
          "main/node_000201",
          "main/node_000202",
          "main/node_000204",
          "main/node_000207",
          "main/node_000211",
          "main/node_000212",
          "main/node_000214",
          "main/node_000215",
          "main/node_000216",
          "main/node_000217",
          "main/node_000218",
          "main/node_000219",
          "main/node_000223",
          "main/node_000224",
          "main/node_000226",
          "main/node_000228",
          "main/node_000276",
          "main/node_000280"
        ],
        "edges": [
          {
            "source": "main/node_000174",
            "target": "main/node_000176",
            "tensors": [
              "/model/model.10/m/m.0/attn/qkv/conv/Conv_output_0"
            ]
          },
          {
            "source": "main/node_000176",
            "target": "main/node_000177",
            "tensors": [
              "/model/model.10/m/m.0/attn/Reshape_output_0"
            ]
          },
          {
            "source": "main/node_000177",
            "target": "main/node_000184",
            "tensors": [
              "/model/model.10/m/m.0/attn/Split_output_2"
            ]
          },
          {
            "source": "main/node_000184",
            "target": "main/node_000187",
            "tensors": [
              "/model/model.10/m/m.0/attn/MatMul_1_output_0"
            ]
          },
          {
            "source": "main/node_000187",
            "target": "main/node_000190",
            "tensors": [
              "/model/model.10/m/m.0/attn/Reshape_1_output_0"
            ]
          },
          {
            "source": "main/node_000190",
            "target": "main/node_000191",
            "tensors": [
              "/model/model.10/m/m.0/attn/Add_output_0"
            ]
          },
          {
            "source": "main/node_000191",
            "target": "main/node_000192",
            "tensors": [
              "/model/model.10/m/m.0/attn/proj/conv/Conv_output_0"
            ]
          },
          {
            "source": "main/node_000192",
            "target": "main/node_000197",
            "tensors": [
              "/model/model.10/m/m.0/Add_output_0"
            ]
          },
          {
            "source": "main/node_000197",
            "target": "main/node_000198",
            "tensors": [
              "/model/model.10/m/m.0/Add_1_output_0"
            ]
          },
          {
            "source": "main/node_000198",
            "target": "main/node_000199",
            "tensors": [
              "/model/model.10/Concat_output_0"
            ]
          },
          {
            "source": "main/node_000199",
            "target": "main/node_000201",
            "tensors": [
              "/model/model.10/cv2/conv/Conv_output_0"
            ]
          },
          {
            "source": "main/node_000201",
            "target": "main/node_000202",
            "tensors": [
              "/model/model.10/cv2/act/Mul_output_0"
            ]
          },
          {
            "source": "main/node_000202",
            "target": "main/node_000204",
            "tensors": [
              "/model/model.11/conv/Conv_output_0"
            ]
          },
          {
            "source": "main/node_000204",
            "target": "main/node_000207",
            "tensors": [
              "/model/model.11/act/Mul_output_0"
            ]
          },
          {
            "source": "main/node_000207",
            "target": "main/node_000211",
            "tensors": [
              "/model/model.12/Resize_output_0"
            ]
          },
          {
            "source": "main/node_000211",
            "target": "main/node_000212",
            "tensors": [
              "/model/model.14/Concat_output_0"
            ]
          },
          {
            "source": "main/node_000212",
            "target": "main/node_000214",
            "tensors": [
              "/model/model.15/conv/Conv_output_0"
            ]
          },
          {
            "source": "main/node_000214",
            "target": "main/node_000215",
            "tensors": [
              "/model/model.15/act/Mul_output_0"
            ]
          },
          {
            "source": "main/node_000215",
            "target": "main/node_000216",
            "tensors": [
              "/model/model.16/task_branches.0/conv_1x1/Conv_output_0"
            ]
          },
          {
            "source": "main/node_000216",
            "target": "main/node_000217",
            "tensors": [
              "/model/model.16/task_branches.0/pool/AveragePool_output_0"
            ]
          },
          {
            "source": "main/node_000217",
            "target": "main/node_000218",
            "tensors": [
              "/model/model.16/task_branches.0/Flatten_output_0"
            ]
          },
          {
            "source": "main/node_000218",
            "target": "main/node_000219",
            "tensors": [
              "/model/model.16/task_branches.0/cls_fc1/Gemm_output_0"
            ]
          },
          {
            "source": "main/node_000219",
            "target": "main/node_000223",
            "tensors": [
              "/model/model.16/task_branches.0/act/Relu_output_0"
            ]
          },
          {
            "source": "main/node_000223",
            "target": "main/node_000224",
            "tensors": [
              "/model/model.16/task_branches.0/offset_fc/Gemm_output_0"
            ]
          },
          {
            "source": "main/node_000224",
            "target": "main/node_000226",
            "tensors": [
              "/model/model.16/task_branches.0/Tanh_output_0"
            ]
          },
          {
            "source": "main/node_000226",
            "target": "main/node_000228",
            "tensors": [
              "/model/model.16/task_branches.0/Reshape_1_output_0"
            ]
          },
          {
            "source": "main/node_000228",
            "target": "main/node_000276",
            "tensors": [
              "/model/model.16/task_branches.0/Mul_output_0"
            ]
          },
          {
            "source": "main/node_000276",
            "target": "main/node_000280",
            "tensors": [
              "/model/model.16/Unsqueeze_4_output_0"
            ]
          }
        ]
      }
    ],
    "paths_truncated": true,
    "path_policy": "每个可达输出仅展示一条 BFS 最短代表路径；其他路径不枚举",
    "reason": "依赖关系不等于下游违规、CPU 回退或精度下降"
  }
}
