{
  "node": {
    "id": "main/node_000275",
    "original_name": "/model/model.16/Concat",
    "op_type": "Concat",
    "domain": "",
    "inputs": [
      "/model/model.16/Unsqueeze_output_0",
      "/model/model.16/Unsqueeze_1_output_0",
      "/model/model.16/Unsqueeze_2_output_0",
      "/model/model.16/Unsqueeze_3_output_0"
    ],
    "outputs": [
      "cls_logits"
    ],
    "attributes": {
      "axis": -1
    }
  },
  "tensors": [
    {
      "name": "/model/model.16/Unsqueeze_output_0",
      "shape": [
        1,
        161,
        56,
        1
      ],
      "dtype": "float32",
      "producer": "main/node_000271",
      "consumers": [
        "main/node_000275"
      ],
      "kind": "intermediate",
      "is_graph_input": false,
      "is_graph_output": false,
      "is_initializer": false
    },
    {
      "name": "/model/model.16/Unsqueeze_1_output_0",
      "shape": [
        1,
        161,
        56,
        1
      ],
      "dtype": "float32",
      "producer": "main/node_000272",
      "consumers": [
        "main/node_000275"
      ],
      "kind": "intermediate",
      "is_graph_input": false,
      "is_graph_output": false,
      "is_initializer": false
    },
    {
      "name": "/model/model.16/Unsqueeze_2_output_0",
      "shape": [
        1,
        161,
        56,
        1
      ],
      "dtype": "float32",
      "producer": "main/node_000273",
      "consumers": [
        "main/node_000275"
      ],
      "kind": "intermediate",
      "is_graph_input": false,
      "is_graph_output": false,
      "is_initializer": false
    },
    {
      "name": "/model/model.16/Unsqueeze_3_output_0",
      "shape": [
        1,
        161,
        56,
        1
      ],
      "dtype": "float32",
      "producer": "main/node_000274",
      "consumers": [
        "main/node_000275"
      ],
      "kind": "intermediate",
      "is_graph_input": false,
      "is_graph_output": false,
      "is_initializer": false
    },
    {
      "name": "cls_logits",
      "shape": [
        1,
        161,
        56,
        4
      ],
      "dtype": "float32",
      "producer": "main/node_000275",
      "consumers": [],
      "kind": "intermediate",
      "is_graph_input": false,
      "is_graph_output": true,
      "is_initializer": false
    }
  ],
  "diagnostic": {
    "node_id": "main/node_000275",
    "status": "NOT_COVERED",
    "results": [],
    "issues": [],
    "suggestions": []
  },
  "trace": {
    "node_id": "main/node_000275",
    "predecessors": [
      "main/node_000271",
      "main/node_000272",
      "main/node_000273",
      "main/node_000274"
    ],
    "successors": [],
    "upstream_neighbors": [
      "main/node_000222",
      "main/node_000236",
      "main/node_000250",
      "main/node_000264",
      "main/node_000271",
      "main/node_000272",
      "main/node_000273",
      "main/node_000274"
    ],
    "neighborhood": [
      "main/node_000222",
      "main/node_000236",
      "main/node_000250",
      "main/node_000264",
      "main/node_000271",
      "main/node_000272",
      "main/node_000273",
      "main/node_000274",
      "main/node_000275"
    ],
    "downstream_nodes": [],
    "reachable_outputs": [
      "cls_logits"
    ],
    "representative_paths": [
      {
        "output_tensor": "cls_logits",
        "nodes": [
          "main/node_000275"
        ],
        "edges": []
      }
    ],
    "paths_truncated": false,
    "path_policy": "每个可达输出仅展示一条 BFS 最短代表路径；其他路径不枚举",
    "reason": "依赖关系不等于下游违规、CPU 回退或精度下降"
  }
}
