{
  "node": {
    "id": "main/node_000253",
    "original_name": "/model/model.16/task_branches.2/Constant_1",
    "op_type": "Constant",
    "domain": "",
    "inputs": [],
    "outputs": [
      "/model/model.16/task_branches.2/Constant_1_output_0"
    ],
    "attributes": {
      "value": {
        "shape": [
          3
        ],
        "dtype": "int64"
      }
    }
  },
  "tensors": [
    {
      "name": "/model/model.16/task_branches.2/Constant_1_output_0",
      "shape": [
        3
      ],
      "dtype": "int64",
      "producer": "main/node_000253",
      "consumers": [
        "main/node_000254"
      ],
      "kind": "constant",
      "is_graph_input": false,
      "is_graph_output": false,
      "is_initializer": false,
      "small_constant": {
        "status": "KNOWN",
        "values": [
          1,
          1,
          56
        ],
        "shape": [
          3
        ],
        "dtype": "int64",
        "reason": null,
        "source": "Constant.value"
      }
    }
  ],
  "diagnostic": {
    "node_id": "main/node_000253",
    "status": "NOT_COVERED",
    "results": [],
    "issues": [],
    "suggestions": []
  },
  "trace": {
    "node_id": "main/node_000253",
    "predecessors": [],
    "successors": [
      "main/node_000254"
    ],
    "upstream_neighbors": [],
    "neighborhood": [
      "main/node_000253",
      "main/node_000254",
      "main/node_000256"
    ],
    "downstream_nodes": [
      "main/node_000254",
      "main/node_000256",
      "main/node_000278",
      "main/node_000280"
    ],
    "reachable_outputs": [
      "offset"
    ],
    "representative_paths": [
      {
        "output_tensor": "offset",
        "nodes": [
          "main/node_000253",
          "main/node_000254",
          "main/node_000256",
          "main/node_000278",
          "main/node_000280"
        ],
        "edges": [
          {
            "source": "main/node_000253",
            "target": "main/node_000254",
            "tensors": [
              "/model/model.16/task_branches.2/Constant_1_output_0"
            ]
          },
          {
            "source": "main/node_000254",
            "target": "main/node_000256",
            "tensors": [
              "/model/model.16/task_branches.2/Reshape_1_output_0"
            ]
          },
          {
            "source": "main/node_000256",
            "target": "main/node_000278",
            "tensors": [
              "/model/model.16/task_branches.2/Mul_output_0"
            ]
          },
          {
            "source": "main/node_000278",
            "target": "main/node_000280",
            "tensors": [
              "/model/model.16/Unsqueeze_6_output_0"
            ]
          }
        ]
      }
    ],
    "paths_truncated": false,
    "path_policy": "每个可达输出仅展示一条 BFS 最短代表路径；其他路径不枚举",
    "reason": "依赖关系不等于下游违规、CPU 回退或精度下降"
  }
}
