{
  "node": {
    "id": "main/node_000207",
    "original_name": "/model/model.12/Resize",
    "op_type": "Resize",
    "domain": "",
    "inputs": [
      "/model/model.11/act/Mul_output_0",
      "/model/model.12/Constant_1_output_0",
      "/model/model.12/Constant_output_0"
    ],
    "outputs": [
      "/model/model.12/Resize_output_0"
    ],
    "attributes": {
      "coordinate_transformation_mode": "asymmetric",
      "cubic_coeff_a": -0.75,
      "mode": "nearest",
      "nearest_mode": "floor"
    }
  },
  "tensors": [
    {
      "name": "/model/model.11/act/Mul_output_0",
      "shape": [
        "unk__75",
        128,
        20,
        20
      ],
      "dtype": "float32",
      "producer": "main/node_000204",
      "consumers": [
        "main/node_000207"
      ],
      "kind": "intermediate",
      "is_graph_input": false,
      "is_graph_output": false,
      "is_initializer": false
    },
    {
      "name": "/model/model.12/Constant_1_output_0",
      "shape": [
        0
      ],
      "dtype": "float32",
      "producer": "main/node_000206",
      "consumers": [
        "main/node_000207"
      ],
      "kind": "constant",
      "is_graph_input": false,
      "is_graph_output": false,
      "is_initializer": false
    },
    {
      "name": "/model/model.12/Constant_output_0",
      "shape": [
        4
      ],
      "dtype": "float32",
      "producer": "main/node_000205",
      "consumers": [
        "main/node_000207"
      ],
      "kind": "constant",
      "is_graph_input": false,
      "is_graph_output": false,
      "is_initializer": false
    },
    {
      "name": "/model/model.12/Resize_output_0",
      "shape": [
        "unk__120",
        128,
        40,
        40
      ],
      "dtype": "float32",
      "producer": "main/node_000207",
      "consumers": [
        "main/node_000211"
      ],
      "kind": "intermediate",
      "is_graph_input": false,
      "is_graph_output": false,
      "is_initializer": false
    }
  ],
  "diagnostic": {
    "node_id": "main/node_000207",
    "status": "NOT_COVERED",
    "results": [],
    "issues": [],
    "suggestions": []
  },
  "trace": {
    "node_id": "main/node_000207",
    "predecessors": [
      "main/node_000204",
      "main/node_000205",
      "main/node_000206"
    ],
    "successors": [
      "main/node_000211"
    ],
    "upstream_neighbors": [
      "main/node_000202",
      "main/node_000203",
      "main/node_000204",
      "main/node_000205",
      "main/node_000206"
    ],
    "neighborhood": [
      "main/node_000202",
      "main/node_000203",
      "main/node_000204",
      "main/node_000205",
      "main/node_000206",
      "main/node_000207",
      "main/node_000211",
      "main/node_000212"
    ],
    "downstream_nodes": [
      "main/node_000211",
      "main/node_000212",
      "main/node_000213",
      "main/node_000214",
      "main/node_000215",
      "main/node_000216",
      "main/node_000217",
      "main/node_000218",
      "main/node_000219",
      "main/node_000220",
      "main/node_000222",
      "main/node_000223",
      "main/node_000224",
      "main/node_000226",
      "main/node_000228",
      "main/node_000229",
      "main/node_000230",
      "main/node_000231",
      "main/node_000232",
      "main/node_000233",
      "main/node_000234",
      "main/node_000236",
      "main/node_000237",
      "main/node_000238",
      "main/node_000240",
      "main/node_000242",
      "main/node_000243",
      "main/node_000244",
      "main/node_000245",
      "main/node_000246",
      "main/node_000247",
      "main/node_000248",
      "main/node_000250",
      "main/node_000251",
      "main/node_000252",
      "main/node_000254",
      "main/node_000256",
      "main/node_000257",
      "main/node_000258",
      "main/node_000259",
      "main/node_000260",
      "main/node_000261",
      "main/node_000262",
      "main/node_000264",
      "main/node_000265",
      "main/node_000266",
      "main/node_000268",
      "main/node_000270",
      "main/node_000271",
      "main/node_000272",
      "main/node_000273",
      "main/node_000274",
      "main/node_000275",
      "main/node_000276",
      "main/node_000277",
      "main/node_000278",
      "main/node_000279",
      "main/node_000280"
    ],
    "reachable_outputs": [
      "cls_logits",
      "offset"
    ],
    "representative_paths": [
      {
        "output_tensor": "cls_logits",
        "nodes": [
          "main/node_000207",
          "main/node_000211",
          "main/node_000212",
          "main/node_000214",
          "main/node_000215",
          "main/node_000216",
          "main/node_000217",
          "main/node_000218",
          "main/node_000219",
          "main/node_000220",
          "main/node_000222",
          "main/node_000271",
          "main/node_000275"
        ],
        "edges": [
          {
            "source": "main/node_000207",
            "target": "main/node_000211",
            "tensors": [
              "/model/model.12/Resize_output_0"
            ]
          },
          {
            "source": "main/node_000211",
            "target": "main/node_000212",
            "tensors": [
              "/model/model.14/Concat_output_0"
            ]
          },
          {
            "source": "main/node_000212",
            "target": "main/node_000214",
            "tensors": [
              "/model/model.15/conv/Conv_output_0"
            ]
          },
          {
            "source": "main/node_000214",
            "target": "main/node_000215",
            "tensors": [
              "/model/model.15/act/Mul_output_0"
            ]
          },
          {
            "source": "main/node_000215",
            "target": "main/node_000216",
            "tensors": [
              "/model/model.16/task_branches.0/conv_1x1/Conv_output_0"
            ]
          },
          {
            "source": "main/node_000216",
            "target": "main/node_000217",
            "tensors": [
              "/model/model.16/task_branches.0/pool/AveragePool_output_0"
            ]
          },
          {
            "source": "main/node_000217",
            "target": "main/node_000218",
            "tensors": [
              "/model/model.16/task_branches.0/Flatten_output_0"
            ]
          },
          {
            "source": "main/node_000218",
            "target": "main/node_000219",
            "tensors": [
              "/model/model.16/task_branches.0/cls_fc1/Gemm_output_0"
            ]
          },
          {
            "source": "main/node_000219",
            "target": "main/node_000220",
            "tensors": [
              "/model/model.16/task_branches.0/act/Relu_output_0"
            ]
          },
          {
            "source": "main/node_000220",
            "target": "main/node_000222",
            "tensors": [
              "/model/model.16/task_branches.0/cls_fc2/Gemm_output_0"
            ]
          },
          {
            "source": "main/node_000222",
            "target": "main/node_000271",
            "tensors": [
              "/model/model.16/task_branches.0/Reshape_output_0"
            ]
          },
          {
            "source": "main/node_000271",
            "target": "main/node_000275",
            "tensors": [
              "/model/model.16/Unsqueeze_output_0"
            ]
          }
        ]
      },
      {
        "output_tensor": "offset",
        "nodes": [
          "main/node_000207",
          "main/node_000211",
          "main/node_000212",
          "main/node_000214",
          "main/node_000215",
          "main/node_000216",
          "main/node_000217",
          "main/node_000218",
          "main/node_000219",
          "main/node_000223",
          "main/node_000224",
          "main/node_000226",
          "main/node_000228",
          "main/node_000276",
          "main/node_000280"
        ],
        "edges": [
          {
            "source": "main/node_000207",
            "target": "main/node_000211",
            "tensors": [
              "/model/model.12/Resize_output_0"
            ]
          },
          {
            "source": "main/node_000211",
            "target": "main/node_000212",
            "tensors": [
              "/model/model.14/Concat_output_0"
            ]
          },
          {
            "source": "main/node_000212",
            "target": "main/node_000214",
            "tensors": [
              "/model/model.15/conv/Conv_output_0"
            ]
          },
          {
            "source": "main/node_000214",
            "target": "main/node_000215",
            "tensors": [
              "/model/model.15/act/Mul_output_0"
            ]
          },
          {
            "source": "main/node_000215",
            "target": "main/node_000216",
            "tensors": [
              "/model/model.16/task_branches.0/conv_1x1/Conv_output_0"
            ]
          },
          {
            "source": "main/node_000216",
            "target": "main/node_000217",
            "tensors": [
              "/model/model.16/task_branches.0/pool/AveragePool_output_0"
            ]
          },
          {
            "source": "main/node_000217",
            "target": "main/node_000218",
            "tensors": [
              "/model/model.16/task_branches.0/Flatten_output_0"
            ]
          },
          {
            "source": "main/node_000218",
            "target": "main/node_000219",
            "tensors": [
              "/model/model.16/task_branches.0/cls_fc1/Gemm_output_0"
            ]
          },
          {
            "source": "main/node_000219",
            "target": "main/node_000223",
            "tensors": [
              "/model/model.16/task_branches.0/act/Relu_output_0"
            ]
          },
          {
            "source": "main/node_000223",
            "target": "main/node_000224",
            "tensors": [
              "/model/model.16/task_branches.0/offset_fc/Gemm_output_0"
            ]
          },
          {
            "source": "main/node_000224",
            "target": "main/node_000226",
            "tensors": [
              "/model/model.16/task_branches.0/Tanh_output_0"
            ]
          },
          {
            "source": "main/node_000226",
            "target": "main/node_000228",
            "tensors": [
              "/model/model.16/task_branches.0/Reshape_1_output_0"
            ]
          },
          {
            "source": "main/node_000228",
            "target": "main/node_000276",
            "tensors": [
              "/model/model.16/task_branches.0/Mul_output_0"
            ]
          },
          {
            "source": "main/node_000276",
            "target": "main/node_000280",
            "tensors": [
              "/model/model.16/Unsqueeze_4_output_0"
            ]
          }
        ]
      }
    ],
    "paths_truncated": true,
    "path_policy": "每个可达输出仅展示一条 BFS 最短代表路径；其他路径不枚举",
    "reason": "依赖关系不等于下游违规、CPU 回退或精度下降"
  }
}
