[
  {
    "id": "main/node_000000",
    "name": "/model/model.0/conv/Conv",
    "operator": "Conv",
    "status": "NO_VIOLATION_FOUND"
  },
  {
    "id": "main/node_000001",
    "name": "/model/model.0/act/Sigmoid",
    "operator": "Sigmoid",
    "status": "NOT_COVERED"
  },
  {
    "id": "main/node_000002",
    "name": "/model/model.0/act/Mul",
    "operator": "Mul",
    "status": "NOT_COVERED"
  },
  {
    "id": "main/node_000003",
    "name": "/model/model.1/conv/Conv",
    "operator": "Conv",
    "status": "NO_VIOLATION_FOUND"
  },
  {
    "id": "main/node_000004",
    "name": "/model/model.1/act/Sigmoid",
    "operator": "Sigmoid",
    "status": "NOT_COVERED"
  },
  {
    "id": "main/node_000005",
    "name": "/model/model.1/act/Mul",
    "operator": "Mul",
    "status": "NOT_COVERED"
  },
  {
    "id": "main/node_000006",
    "name": "/model/model.2/cv1/conv/Conv",
    "operator": "Conv",
    "status": "NO_VIOLATION_FOUND"
  },
  {
    "id": "main/node_000007",
    "name": "/model/model.2/cv1/act/Sigmoid",
    "operator": "Sigmoid",
    "status": "NOT_COVERED"
  },
  {
    "id": "main/node_000008",
    "name": "/model/model.2/cv1/act/Mul",
    "operator": "Mul",
    "status": "NOT_COVERED"
  },
  {
    "id": "main/node_000023",
    "name": "/model/model.2/m.0/cv1/conv/Conv",
    "operator": "Conv",
    "status": "NO_VIOLATION_FOUND"
  },
  {
    "id": "main/node_000024",
    "name": "/model/model.2/m.0/cv1/act/Sigmoid",
    "operator": "Sigmoid",
    "status": "NOT_COVERED"
  },
  {
    "id": "main/node_000025",
    "name": "/model/model.2/m.0/cv1/act/Mul",
    "operator": "Mul",
    "status": "NOT_COVERED"
  },
  {
    "id": "main/node_000026",
    "name": "/model/model.2/m.0/cv2/conv/Conv",
    "operator": "Conv",
    "status": "NO_VIOLATION_FOUND"
  },
  {
    "id": "main/node_000027",
    "name": "/model/model.2/m.0/cv2/act/Sigmoid",
    "operator": "Sigmoid",
    "status": "NOT_COVERED"
  },
  {
    "id": "main/node_000028",
    "name": "/model/model.2/m.0/cv2/act/Mul",
    "operator": "Mul",
    "status": "NOT_COVERED"
  },
  {
    "id": "main/node_000031",
    "name": "/model/model.2/cv2/conv/Conv",
    "operator": "Conv",
    "status": "NO_VIOLATION_FOUND"
  },
  {
    "id": "main/node_000032",
    "name": "/model/model.2/cv2/act/Sigmoid",
    "operator": "Sigmoid",
    "status": "NOT_COVERED"
  },
  {
    "id": "main/node_000033",
    "name": "/model/model.2/cv2/act/Mul",
    "operator": "Mul",
    "status": "NOT_COVERED"
  },
  {
    "id": "main/node_000034",
    "name": "/model/model.3/conv/Conv",
    "operator": "Conv",
    "status": "NO_VIOLATION_FOUND"
  },
  {
    "id": "main/node_000035",
    "name": "/model/model.3/act/Sigmoid",
    "operator": "Sigmoid",
    "status": "NOT_COVERED"
  },
  {
    "id": "main/node_000036",
    "name": "/model/model.3/act/Mul",
    "operator": "Mul",
    "status": "NOT_COVERED"
  },
  {
    "id": "main/node_000037",
    "name": "/model/model.4/cv1/conv/Conv",
    "operator": "Conv",
    "status": "NO_VIOLATION_FOUND"
  },
  {
    "id": "main/node_000038",
    "name": "/model/model.4/cv1/act/Sigmoid",
    "operator": "Sigmoid",
    "status": "NOT_COVERED"
  },
  {
    "id": "main/node_000039",
    "name": "/model/model.4/cv1/act/Mul",
    "operator": "Mul",
    "status": "NOT_COVERED"
  },
  {
    "id": "main/node_000054",
    "name": "/model/model.4/m.0/cv1/conv/Conv",
    "operator": "Conv",
    "status": "NO_VIOLATION_FOUND"
  },
  {
    "id": "main/node_000055",
    "name": "/model/model.4/m.0/cv1/act/Sigmoid",
    "operator": "Sigmoid",
    "status": "NOT_COVERED"
  },
  {
    "id": "main/node_000056",
    "name": "/model/model.4/m.0/cv1/act/Mul",
    "operator": "Mul",
    "status": "NOT_COVERED"
  },
  {
    "id": "main/node_000057",
    "name": "/model/model.4/m.0/cv2/conv/Conv",
    "operator": "Conv",
    "status": "NO_VIOLATION_FOUND"
  },
  {
    "id": "main/node_000058",
    "name": "/model/model.4/m.0/cv2/act/Sigmoid",
    "operator": "Sigmoid",
    "status": "NOT_COVERED"
  },
  {
    "id": "main/node_000059",
    "name": "/model/model.4/m.0/cv2/act/Mul",
    "operator": "Mul",
    "status": "NOT_COVERED"
  },
  {
    "id": "main/node_000062",
    "name": "/model/model.4/cv2/conv/Conv",
    "operator": "Conv",
    "status": "NO_VIOLATION_FOUND"
  },
  {
    "id": "main/node_000063",
    "name": "/model/model.4/cv2/act/Sigmoid",
    "operator": "Sigmoid",
    "status": "NOT_COVERED"
  },
  {
    "id": "main/node_000064",
    "name": "/model/model.4/cv2/act/Mul",
    "operator": "Mul",
    "status": "NOT_COVERED"
  },
  {
    "id": "main/node_000065",
    "name": "/model/model.5/conv/Conv",
    "operator": "Conv",
    "status": "NO_VIOLATION_FOUND"
  },
  {
    "id": "main/node_000066",
    "name": "/model/model.5/act/Sigmoid",
    "operator": "Sigmoid",
    "status": "NOT_COVERED"
  },
  {
    "id": "main/node_000067",
    "name": "/model/model.5/act/Mul",
    "operator": "Mul",
    "status": "NOT_COVERED"
  },
  {
    "id": "main/node_000068",
    "name": "/model/model.6/cv1/conv/Conv",
    "operator": "Conv",
    "status": "NO_VIOLATION_FOUND"
  },
  {
    "id": "main/node_000069",
    "name": "/model/model.6/cv1/act/Sigmoid",
    "operator": "Sigmoid",
    "status": "NOT_COVERED"
  },
  {
    "id": "main/node_000070",
    "name": "/model/model.6/cv1/act/Mul",
    "operator": "Mul",
    "status": "NOT_COVERED"
  },
  {
    "id": "main/node_000085",
    "name": "/model/model.6/m.0/cv1/conv/Conv",
    "operator": "Conv",
    "status": "NO_VIOLATION_FOUND"
  },
  {
    "id": "main/node_000086",
    "name": "/model/model.6/m.0/cv1/act/Sigmoid",
    "operator": "Sigmoid",
    "status": "NOT_COVERED"
  },
  {
    "id": "main/node_000087",
    "name": "/model/model.6/m.0/cv1/act/Mul",
    "operator": "Mul",
    "status": "NOT_COVERED"
  },
  {
    "id": "main/node_000088",
    "name": "/model/model.6/m.0/m/m.0/cv1/conv/Conv",
    "operator": "Conv",
    "status": "NO_VIOLATION_FOUND"
  },
  {
    "id": "main/node_000089",
    "name": "/model/model.6/m.0/m/m.0/cv1/act/Sigmoid",
    "operator": "Sigmoid",
    "status": "NOT_COVERED"
  },
  {
    "id": "main/node_000090",
    "name": "/model/model.6/m.0/m/m.0/cv1/act/Mul",
    "operator": "Mul",
    "status": "NOT_COVERED"
  },
  {
    "id": "main/node_000091",
    "name": "/model/model.6/m.0/m/m.0/cv2/conv/Conv",
    "operator": "Conv",
    "status": "NO_VIOLATION_FOUND"
  },
  {
    "id": "main/node_000092",
    "name": "/model/model.6/m.0/m/m.0/cv2/act/Sigmoid",
    "operator": "Sigmoid",
    "status": "NOT_COVERED"
  },
  {
    "id": "main/node_000093",
    "name": "/model/model.6/m.0/m/m.0/cv2/act/Mul",
    "operator": "Mul",
    "status": "NOT_COVERED"
  },
  {
    "id": "main/node_000095",
    "name": "/model/model.6/m.0/m/m.1/cv1/conv/Conv",
    "operator": "Conv",
    "status": "NO_VIOLATION_FOUND"
  },
  {
    "id": "main/node_000096",
    "name": "/model/model.6/m.0/m/m.1/cv1/act/Sigmoid",
    "operator": "Sigmoid",
    "status": "NOT_COVERED"
  },
  {
    "id": "main/node_000097",
    "name": "/model/model.6/m.0/m/m.1/cv1/act/Mul",
    "operator": "Mul",
    "status": "NOT_COVERED"
  },
  {
    "id": "main/node_000098",
    "name": "/model/model.6/m.0/m/m.1/cv2/conv/Conv",
    "operator": "Conv",
    "status": "NO_VIOLATION_FOUND"
  },
  {
    "id": "main/node_000099",
    "name": "/model/model.6/m.0/m/m.1/cv2/act/Sigmoid",
    "operator": "Sigmoid",
    "status": "NOT_COVERED"
  },
  {
    "id": "main/node_000100",
    "name": "/model/model.6/m.0/m/m.1/cv2/act/Mul",
    "operator": "Mul",
    "status": "NOT_COVERED"
  },
  {
    "id": "main/node_000102",
    "name": "/model/model.6/m.0/cv2/conv/Conv",
    "operator": "Conv",
    "status": "NO_VIOLATION_FOUND"
  },
  {
    "id": "main/node_000103",
    "name": "/model/model.6/m.0/cv2/act/Sigmoid",
    "operator": "Sigmoid",
    "status": "NOT_COVERED"
  },
  {
    "id": "main/node_000104",
    "name": "/model/model.6/m.0/cv2/act/Mul",
    "operator": "Mul",
    "status": "NOT_COVERED"
  },
  {
    "id": "main/node_000106",
    "name": "/model/model.6/m.0/cv3/conv/Conv",
    "operator": "Conv",
    "status": "NO_VIOLATION_FOUND"
  },
  {
    "id": "main/node_000107",
    "name": "/model/model.6/m.0/cv3/act/Sigmoid",
    "operator": "Sigmoid",
    "status": "NOT_COVERED"
  },
  {
    "id": "main/node_000108",
    "name": "/model/model.6/m.0/cv3/act/Mul",
    "operator": "Mul",
    "status": "NOT_COVERED"
  },
  {
    "id": "main/node_000110",
    "name": "/model/model.6/cv2/conv/Conv",
    "operator": "Conv",
    "status": "NO_VIOLATION_FOUND"
  },
  {
    "id": "main/node_000111",
    "name": "/model/model.6/cv2/act/Sigmoid",
    "operator": "Sigmoid",
    "status": "NOT_COVERED"
  },
  {
    "id": "main/node_000112",
    "name": "/model/model.6/cv2/act/Mul",
    "operator": "Mul",
    "status": "NOT_COVERED"
  },
  {
    "id": "main/node_000113",
    "name": "/model/model.7/conv/Conv",
    "operator": "Conv",
    "status": "NO_VIOLATION_FOUND"
  },
  {
    "id": "main/node_000114",
    "name": "/model/model.7/act/Sigmoid",
    "operator": "Sigmoid",
    "status": "NOT_COVERED"
  },
  {
    "id": "main/node_000115",
    "name": "/model/model.7/act/Mul",
    "operator": "Mul",
    "status": "NOT_COVERED"
  },
  {
    "id": "main/node_000116",
    "name": "/model/model.8/cv1/conv/Conv",
    "operator": "Conv",
    "status": "NO_VIOLATION_FOUND"
  },
  {
    "id": "main/node_000117",
    "name": "/model/model.8/cv1/act/Sigmoid",
    "operator": "Sigmoid",
    "status": "NOT_COVERED"
  },
  {
    "id": "main/node_000118",
    "name": "/model/model.8/cv1/act/Mul",
    "operator": "Mul",
    "status": "NOT_COVERED"
  },
  {
    "id": "main/node_000133",
    "name": "/model/model.8/m.0/cv1/conv/Conv",
    "operator": "Conv",
    "status": "NO_VIOLATION_FOUND"
  },
  {
    "id": "main/node_000134",
    "name": "/model/model.8/m.0/cv1/act/Sigmoid",
    "operator": "Sigmoid",
    "status": "NOT_COVERED"
  },
  {
    "id": "main/node_000135",
    "name": "/model/model.8/m.0/cv1/act/Mul",
    "operator": "Mul",
    "status": "NOT_COVERED"
  },
  {
    "id": "main/node_000136",
    "name": "/model/model.8/m.0/m/m.0/cv1/conv/Conv",
    "operator": "Conv",
    "status": "NO_VIOLATION_FOUND"
  },
  {
    "id": "main/node_000137",
    "name": "/model/model.8/m.0/m/m.0/cv1/act/Sigmoid",
    "operator": "Sigmoid",
    "status": "NOT_COVERED"
  },
  {
    "id": "main/node_000138",
    "name": "/model/model.8/m.0/m/m.0/cv1/act/Mul",
    "operator": "Mul",
    "status": "NOT_COVERED"
  },
  {
    "id": "main/node_000139",
    "name": "/model/model.8/m.0/m/m.0/cv2/conv/Conv",
    "operator": "Conv",
    "status": "NO_VIOLATION_FOUND"
  },
  {
    "id": "main/node_000140",
    "name": "/model/model.8/m.0/m/m.0/cv2/act/Sigmoid",
    "operator": "Sigmoid",
    "status": "NOT_COVERED"
  },
  {
    "id": "main/node_000141",
    "name": "/model/model.8/m.0/m/m.0/cv2/act/Mul",
    "operator": "Mul",
    "status": "NOT_COVERED"
  },
  {
    "id": "main/node_000143",
    "name": "/model/model.8/m.0/m/m.1/cv1/conv/Conv",
    "operator": "Conv",
    "status": "NO_VIOLATION_FOUND"
  },
  {
    "id": "main/node_000144",
    "name": "/model/model.8/m.0/m/m.1/cv1/act/Sigmoid",
    "operator": "Sigmoid",
    "status": "NOT_COVERED"
  },
  {
    "id": "main/node_000145",
    "name": "/model/model.8/m.0/m/m.1/cv1/act/Mul",
    "operator": "Mul",
    "status": "NOT_COVERED"
  },
  {
    "id": "main/node_000146",
    "name": "/model/model.8/m.0/m/m.1/cv2/conv/Conv",
    "operator": "Conv",
    "status": "NO_VIOLATION_FOUND"
  },
  {
    "id": "main/node_000147",
    "name": "/model/model.8/m.0/m/m.1/cv2/act/Sigmoid",
    "operator": "Sigmoid",
    "status": "NOT_COVERED"
  },
  {
    "id": "main/node_000148",
    "name": "/model/model.8/m.0/m/m.1/cv2/act/Mul",
    "operator": "Mul",
    "status": "NOT_COVERED"
  },
  {
    "id": "main/node_000150",
    "name": "/model/model.8/m.0/cv2/conv/Conv",
    "operator": "Conv",
    "status": "NO_VIOLATION_FOUND"
  },
  {
    "id": "main/node_000151",
    "name": "/model/model.8/m.0/cv2/act/Sigmoid",
    "operator": "Sigmoid",
    "status": "NOT_COVERED"
  },
  {
    "id": "main/node_000152",
    "name": "/model/model.8/m.0/cv2/act/Mul",
    "operator": "Mul",
    "status": "NOT_COVERED"
  },
  {
    "id": "main/node_000154",
    "name": "/model/model.8/m.0/cv3/conv/Conv",
    "operator": "Conv",
    "status": "NO_VIOLATION_FOUND"
  },
  {
    "id": "main/node_000155",
    "name": "/model/model.8/m.0/cv3/act/Sigmoid",
    "operator": "Sigmoid",
    "status": "NOT_COVERED"
  },
  {
    "id": "main/node_000156",
    "name": "/model/model.8/m.0/cv3/act/Mul",
    "operator": "Mul",
    "status": "NOT_COVERED"
  },
  {
    "id": "main/node_000158",
    "name": "/model/model.8/cv2/conv/Conv",
    "operator": "Conv",
    "status": "NO_VIOLATION_FOUND"
  },
  {
    "id": "main/node_000159",
    "name": "/model/model.8/cv2/act/Sigmoid",
    "operator": "Sigmoid",
    "status": "NOT_COVERED"
  },
  {
    "id": "main/node_000160",
    "name": "/model/model.8/cv2/act/Mul",
    "operator": "Mul",
    "status": "NOT_COVERED"
  },
  {
    "id": "main/node_000161",
    "name": "/model/model.9/cv1/conv/Conv",
    "operator": "Conv",
    "status": "NO_VIOLATION_FOUND"
  },
  {
    "id": "main/node_000162",
    "name": "/model/model.9/m/MaxPool",
    "operator": "MaxPool",
    "status": "NOT_COVERED"
  },
  {
    "id": "main/node_000165",
    "name": "/model/model.9/Concat",
    "operator": "Concat",
    "status": "NOT_COVERED"
  },
  {
    "id": "main/node_000166",
    "name": "/model/model.9/cv2/conv/Conv",
    "operator": "Conv",
    "status": "NO_VIOLATION_FOUND"
  },
  {
    "id": "main/node_000167",
    "name": "/model/model.9/cv2/act/Sigmoid",
    "operator": "Sigmoid",
    "status": "NOT_COVERED"
  },
  {
    "id": "main/node_000168",
    "name": "/model/model.9/cv2/act/Mul",
    "operator": "Mul",
    "status": "NOT_COVERED"
  },
  {
    "id": "main/node_000170",
    "name": "/model/model.10/cv1/conv/Conv",
    "operator": "Conv",
    "status": "NO_VIOLATION_FOUND"
  },
  {
    "id": "main/node_000171",
    "name": "/model/model.10/cv1/act/Sigmoid",
    "operator": "Sigmoid",
    "status": "NOT_COVERED"
  },
  {
    "id": "main/node_000172",
    "name": "/model/model.10/cv1/act/Mul",
    "operator": "Mul",
    "status": "NOT_COVERED"
  },
  {
    "id": "main/node_000174",
    "name": "/model/model.10/m/m.0/attn/qkv/conv/Conv",
    "operator": "Conv",
    "status": "NO_VIOLATION_FOUND"
  },
  {
    "id": "main/node_000176",
    "name": "/model/model.10/m/m.0/attn/Reshape",
    "operator": "Reshape",
    "status": "NOT_COVERED"
  },
  {
    "id": "main/node_000189",
    "name": "/model/model.10/m/m.0/attn/pe/conv/Conv",
    "operator": "Conv",
    "status": "NO_VIOLATION_FOUND"
  },
  {
    "id": "main/node_000190",
    "name": "/model/model.10/m/m.0/attn/Add",
    "operator": "Add",
    "status": "NOT_COVERED"
  },
  {
    "id": "main/node_000191",
    "name": "/model/model.10/m/m.0/attn/proj/conv/Conv",
    "operator": "Conv",
    "status": "NO_VIOLATION_FOUND"
  },
  {
    "id": "main/node_000192",
    "name": "/model/model.10/m/m.0/Add",
    "operator": "Add",
    "status": "NOT_COVERED"
  },
  {
    "id": "main/node_000193",
    "name": "/model/model.10/m/m.0/ffn/ffn.0/conv/Conv",
    "operator": "Conv",
    "status": "NO_VIOLATION_FOUND"
  },
  {
    "id": "main/node_000194",
    "name": "/model/model.10/m/m.0/ffn/ffn.0/act/Sigmoid",
    "operator": "Sigmoid",
    "status": "NOT_COVERED"
  },
  {
    "id": "main/node_000195",
    "name": "/model/model.10/m/m.0/ffn/ffn.0/act/Mul",
    "operator": "Mul",
    "status": "NOT_COVERED"
  },
  {
    "id": "main/node_000196",
    "name": "/model/model.10/m/m.0/ffn/ffn.1/conv/Conv",
    "operator": "Conv",
    "status": "NO_VIOLATION_FOUND"
  },
  {
    "id": "main/node_000197",
    "name": "/model/model.10/m/m.0/Add_1",
    "operator": "Add",
    "status": "NOT_COVERED"
  },
  {
    "id": "main/node_000199",
    "name": "/model/model.10/cv2/conv/Conv",
    "operator": "Conv",
    "status": "NO_VIOLATION_FOUND"
  },
  {
    "id": "main/node_000200",
    "name": "/model/model.10/cv2/act/Sigmoid",
    "operator": "Sigmoid",
    "status": "NOT_COVERED"
  },
  {
    "id": "main/node_000201",
    "name": "/model/model.10/cv2/act/Mul",
    "operator": "Mul",
    "status": "NOT_COVERED"
  },
  {
    "id": "main/node_000202",
    "name": "/model/model.11/conv/Conv",
    "operator": "Conv",
    "status": "NO_VIOLATION_FOUND"
  },
  {
    "id": "main/node_000203",
    "name": "/model/model.11/act/Sigmoid",
    "operator": "Sigmoid",
    "status": "NOT_COVERED"
  },
  {
    "id": "main/node_000204",
    "name": "/model/model.11/act/Mul",
    "operator": "Mul",
    "status": "NOT_COVERED"
  },
  {
    "id": "main/node_000208",
    "name": "/model/model.13/conv/Conv",
    "operator": "Conv",
    "status": "NO_VIOLATION_FOUND"
  },
  {
    "id": "main/node_000209",
    "name": "/model/model.13/act/Sigmoid",
    "operator": "Sigmoid",
    "status": "NOT_COVERED"
  },
  {
    "id": "main/node_000210",
    "name": "/model/model.13/act/Mul",
    "operator": "Mul",
    "status": "NOT_COVERED"
  },
  {
    "id": "main/node_000212",
    "name": "/model/model.15/conv/Conv",
    "operator": "Conv",
    "status": "NO_VIOLATION_FOUND"
  },
  {
    "id": "main/node_000213",
    "name": "/model/model.15/act/Sigmoid",
    "operator": "Sigmoid",
    "status": "NOT_COVERED"
  },
  {
    "id": "main/node_000214",
    "name": "/model/model.15/act/Mul",
    "operator": "Mul",
    "status": "NOT_COVERED"
  },
  {
    "id": "main/node_000215",
    "name": "/model/model.16/task_branches.0/conv_1x1/Conv",
    "operator": "Conv",
    "status": "NO_VIOLATION_FOUND"
  },
  {
    "id": "main/node_000216",
    "name": "/model/model.16/task_branches.0/pool/AveragePool",
    "operator": "AveragePool",
    "status": "NOT_COVERED"
  },
  {
    "id": "main/node_000229",
    "name": "/model/model.16/task_branches.1/conv_1x1/Conv",
    "operator": "Conv",
    "status": "NO_VIOLATION_FOUND"
  },
  {
    "id": "main/node_000230",
    "name": "/model/model.16/task_branches.1/pool/AveragePool",
    "operator": "AveragePool",
    "status": "NOT_COVERED"
  },
  {
    "id": "main/node_000243",
    "name": "/model/model.16/task_branches.2/conv_1x1/Conv",
    "operator": "Conv",
    "status": "NO_VIOLATION_FOUND"
  },
  {
    "id": "main/node_000244",
    "name": "/model/model.16/task_branches.2/pool/AveragePool",
    "operator": "AveragePool",
    "status": "NOT_COVERED"
  },
  {
    "id": "main/node_000257",
    "name": "/model/model.16/task_branches.3/conv_1x1/Conv",
    "operator": "Conv",
    "status": "NO_VIOLATION_FOUND"
  },
  {
    "id": "main/node_000258",
    "name": "/model/model.16/task_branches.3/pool/AveragePool",
    "operator": "AveragePool",
    "status": "NOT_COVERED"
  }
]
