[
  {
    "id": "main/node_000000",
    "name": "/model/model.0/conv/Conv",
    "operator": "Conv",
    "status": "NO_VIOLATION_FOUND"
  },
  {
    "id": "main/node_000001",
    "name": "/model/model.0/act/Sigmoid",
    "operator": "Sigmoid",
    "status": "NOT_COVERED"
  },
  {
    "id": "main/node_000002",
    "name": "/model/model.0/act/Mul",
    "operator": "Mul",
    "status": "NOT_COVERED"
  },
  {
    "id": "main/node_000003",
    "name": "/model/model.1/conv/Conv",
    "operator": "Conv",
    "status": "NO_VIOLATION_FOUND"
  },
  {
    "id": "main/node_000004",
    "name": "/model/model.1/act/Sigmoid",
    "operator": "Sigmoid",
    "status": "NOT_COVERED"
  },
  {
    "id": "main/node_000005",
    "name": "/model/model.1/act/Mul",
    "operator": "Mul",
    "status": "NOT_COVERED"
  },
  {
    "id": "main/node_000006",
    "name": "/model/model.2/cv1/conv/Conv",
    "operator": "Conv",
    "status": "NO_VIOLATION_FOUND"
  },
  {
    "id": "main/node_000007",
    "name": "/model/model.2/cv1/act/Sigmoid",
    "operator": "Sigmoid",
    "status": "NOT_COVERED"
  },
  {
    "id": "main/node_000008",
    "name": "/model/model.2/cv1/act/Mul",
    "operator": "Mul",
    "status": "NOT_COVERED"
  },
  {
    "id": "main/node_000009",
    "name": "/model/model.2/Shape",
    "operator": "Shape",
    "status": "NOT_COVERED"
  },
  {
    "id": "main/node_000010",
    "name": "/model/model.2/Constant",
    "operator": "Constant",
    "status": "NOT_COVERED"
  },
  {
    "id": "main/node_000011",
    "name": "/model/model.2/Gather",
    "operator": "Gather",
    "status": "NOT_COVERED"
  },
  {
    "id": "main/node_000012",
    "name": "/model/model.2/Constant_1",
    "operator": "Constant",
    "status": "NOT_COVERED"
  },
  {
    "id": "main/node_000013",
    "name": "/model/model.2/Constant_2",
    "operator": "Constant",
    "status": "NOT_COVERED"
  },
  {
    "id": "main/node_000014",
    "name": "/model/model.2/Add",
    "operator": "Add",
    "status": "NOT_COVERED"
  },
  {
    "id": "main/node_000015",
    "name": "/model/model.2/Constant_3",
    "operator": "Constant",
    "status": "NOT_COVERED"
  },
  {
    "id": "main/node_000016",
    "name": "/model/model.2/Div",
    "operator": "Div",
    "status": "NOT_COVERED"
  },
  {
    "id": "main/node_000017",
    "name": "/model/model.2/Constant_4",
    "operator": "Constant",
    "status": "NOT_COVERED"
  },
  {
    "id": "main/node_000018",
    "name": "/model/model.2/Mul",
    "operator": "Mul",
    "status": "NOT_COVERED"
  },
  {
    "id": "main/node_000019",
    "name": "/model/model.2/Slice",
    "operator": "Slice",
    "status": "NOT_COVERED"
  },
  {
    "id": "main/node_000020",
    "name": "/model/model.2/Constant_5",
    "operator": "Constant",
    "status": "NOT_COVERED"
  },
  {
    "id": "main/node_000021",
    "name": "/model/model.2/Mul_1",
    "operator": "Mul",
    "status": "NOT_COVERED"
  },
  {
    "id": "main/node_000022",
    "name": "/model/model.2/Slice_1",
    "operator": "Slice",
    "status": "NOT_COVERED"
  },
  {
    "id": "main/node_000023",
    "name": "/model/model.2/m.0/cv1/conv/Conv",
    "operator": "Conv",
    "status": "NO_VIOLATION_FOUND"
  },
  {
    "id": "main/node_000024",
    "name": "/model/model.2/m.0/cv1/act/Sigmoid",
    "operator": "Sigmoid",
    "status": "NOT_COVERED"
  },
  {
    "id": "main/node_000025",
    "name": "/model/model.2/m.0/cv1/act/Mul",
    "operator": "Mul",
    "status": "NOT_COVERED"
  },
  {
    "id": "main/node_000026",
    "name": "/model/model.2/m.0/cv2/conv/Conv",
    "operator": "Conv",
    "status": "NO_VIOLATION_FOUND"
  },
  {
    "id": "main/node_000027",
    "name": "/model/model.2/m.0/cv2/act/Sigmoid",
    "operator": "Sigmoid",
    "status": "NOT_COVERED"
  },
  {
    "id": "main/node_000028",
    "name": "/model/model.2/m.0/cv2/act/Mul",
    "operator": "Mul",
    "status": "NOT_COVERED"
  },
  {
    "id": "main/node_000029",
    "name": "/model/model.2/m.0/Add",
    "operator": "Add",
    "status": "NOT_COVERED"
  },
  {
    "id": "main/node_000030",
    "name": "/model/model.2/Concat",
    "operator": "Concat",
    "status": "NOT_COVERED"
  },
  {
    "id": "main/node_000031",
    "name": "/model/model.2/cv2/conv/Conv",
    "operator": "Conv",
    "status": "NO_VIOLATION_FOUND"
  },
  {
    "id": "main/node_000032",
    "name": "/model/model.2/cv2/act/Sigmoid",
    "operator": "Sigmoid",
    "status": "NOT_COVERED"
  },
  {
    "id": "main/node_000033",
    "name": "/model/model.2/cv2/act/Mul",
    "operator": "Mul",
    "status": "NOT_COVERED"
  },
  {
    "id": "main/node_000034",
    "name": "/model/model.3/conv/Conv",
    "operator": "Conv",
    "status": "NO_VIOLATION_FOUND"
  },
  {
    "id": "main/node_000035",
    "name": "/model/model.3/act/Sigmoid",
    "operator": "Sigmoid",
    "status": "NOT_COVERED"
  },
  {
    "id": "main/node_000036",
    "name": "/model/model.3/act/Mul",
    "operator": "Mul",
    "status": "NOT_COVERED"
  },
  {
    "id": "main/node_000037",
    "name": "/model/model.4/cv1/conv/Conv",
    "operator": "Conv",
    "status": "NO_VIOLATION_FOUND"
  },
  {
    "id": "main/node_000038",
    "name": "/model/model.4/cv1/act/Sigmoid",
    "operator": "Sigmoid",
    "status": "NOT_COVERED"
  },
  {
    "id": "main/node_000039",
    "name": "/model/model.4/cv1/act/Mul",
    "operator": "Mul",
    "status": "NOT_COVERED"
  },
  {
    "id": "main/node_000040",
    "name": "/model/model.4/Shape",
    "operator": "Shape",
    "status": "NOT_COVERED"
  },
  {
    "id": "main/node_000041",
    "name": "/model/model.4/Constant",
    "operator": "Constant",
    "status": "NOT_COVERED"
  },
  {
    "id": "main/node_000042",
    "name": "/model/model.4/Gather",
    "operator": "Gather",
    "status": "NOT_COVERED"
  },
  {
    "id": "main/node_000043",
    "name": "/model/model.4/Constant_1",
    "operator": "Constant",
    "status": "NOT_COVERED"
  },
  {
    "id": "main/node_000044",
    "name": "/model/model.4/Constant_2",
    "operator": "Constant",
    "status": "NOT_COVERED"
  },
  {
    "id": "main/node_000045",
    "name": "/model/model.4/Add",
    "operator": "Add",
    "status": "NOT_COVERED"
  },
  {
    "id": "main/node_000046",
    "name": "/model/model.4/Constant_3",
    "operator": "Constant",
    "status": "NOT_COVERED"
  },
  {
    "id": "main/node_000047",
    "name": "/model/model.4/Div",
    "operator": "Div",
    "status": "NOT_COVERED"
  },
  {
    "id": "main/node_000048",
    "name": "/model/model.4/Constant_4",
    "operator": "Constant",
    "status": "NOT_COVERED"
  },
  {
    "id": "main/node_000049",
    "name": "/model/model.4/Mul",
    "operator": "Mul",
    "status": "NOT_COVERED"
  },
  {
    "id": "main/node_000050",
    "name": "/model/model.4/Slice",
    "operator": "Slice",
    "status": "NOT_COVERED"
  },
  {
    "id": "main/node_000051",
    "name": "/model/model.4/Constant_5",
    "operator": "Constant",
    "status": "NOT_COVERED"
  },
  {
    "id": "main/node_000052",
    "name": "/model/model.4/Mul_1",
    "operator": "Mul",
    "status": "NOT_COVERED"
  },
  {
    "id": "main/node_000053",
    "name": "/model/model.4/Slice_1",
    "operator": "Slice",
    "status": "NOT_COVERED"
  },
  {
    "id": "main/node_000054",
    "name": "/model/model.4/m.0/cv1/conv/Conv",
    "operator": "Conv",
    "status": "NO_VIOLATION_FOUND"
  },
  {
    "id": "main/node_000055",
    "name": "/model/model.4/m.0/cv1/act/Sigmoid",
    "operator": "Sigmoid",
    "status": "NOT_COVERED"
  },
  {
    "id": "main/node_000056",
    "name": "/model/model.4/m.0/cv1/act/Mul",
    "operator": "Mul",
    "status": "NOT_COVERED"
  },
  {
    "id": "main/node_000057",
    "name": "/model/model.4/m.0/cv2/conv/Conv",
    "operator": "Conv",
    "status": "NO_VIOLATION_FOUND"
  },
  {
    "id": "main/node_000058",
    "name": "/model/model.4/m.0/cv2/act/Sigmoid",
    "operator": "Sigmoid",
    "status": "NOT_COVERED"
  },
  {
    "id": "main/node_000059",
    "name": "/model/model.4/m.0/cv2/act/Mul",
    "operator": "Mul",
    "status": "NOT_COVERED"
  },
  {
    "id": "main/node_000060",
    "name": "/model/model.4/m.0/Add",
    "operator": "Add",
    "status": "NOT_COVERED"
  },
  {
    "id": "main/node_000061",
    "name": "/model/model.4/Concat",
    "operator": "Concat",
    "status": "NOT_COVERED"
  },
  {
    "id": "main/node_000062",
    "name": "/model/model.4/cv2/conv/Conv",
    "operator": "Conv",
    "status": "NO_VIOLATION_FOUND"
  },
  {
    "id": "main/node_000063",
    "name": "/model/model.4/cv2/act/Sigmoid",
    "operator": "Sigmoid",
    "status": "NOT_COVERED"
  },
  {
    "id": "main/node_000064",
    "name": "/model/model.4/cv2/act/Mul",
    "operator": "Mul",
    "status": "NOT_COVERED"
  },
  {
    "id": "main/node_000065",
    "name": "/model/model.5/conv/Conv",
    "operator": "Conv",
    "status": "NO_VIOLATION_FOUND"
  },
  {
    "id": "main/node_000066",
    "name": "/model/model.5/act/Sigmoid",
    "operator": "Sigmoid",
    "status": "NOT_COVERED"
  },
  {
    "id": "main/node_000067",
    "name": "/model/model.5/act/Mul",
    "operator": "Mul",
    "status": "NOT_COVERED"
  },
  {
    "id": "main/node_000068",
    "name": "/model/model.6/cv1/conv/Conv",
    "operator": "Conv",
    "status": "NO_VIOLATION_FOUND"
  },
  {
    "id": "main/node_000069",
    "name": "/model/model.6/cv1/act/Sigmoid",
    "operator": "Sigmoid",
    "status": "NOT_COVERED"
  },
  {
    "id": "main/node_000070",
    "name": "/model/model.6/cv1/act/Mul",
    "operator": "Mul",
    "status": "NOT_COVERED"
  },
  {
    "id": "main/node_000071",
    "name": "/model/model.6/Shape",
    "operator": "Shape",
    "status": "NOT_COVERED"
  },
  {
    "id": "main/node_000072",
    "name": "/model/model.6/Constant",
    "operator": "Constant",
    "status": "NOT_COVERED"
  },
  {
    "id": "main/node_000073",
    "name": "/model/model.6/Gather",
    "operator": "Gather",
    "status": "NOT_COVERED"
  },
  {
    "id": "main/node_000074",
    "name": "/model/model.6/Constant_1",
    "operator": "Constant",
    "status": "NOT_COVERED"
  },
  {
    "id": "main/node_000075",
    "name": "/model/model.6/Constant_2",
    "operator": "Constant",
    "status": "NOT_COVERED"
  },
  {
    "id": "main/node_000076",
    "name": "/model/model.6/Add",
    "operator": "Add",
    "status": "NOT_COVERED"
  },
  {
    "id": "main/node_000077",
    "name": "/model/model.6/Constant_3",
    "operator": "Constant",
    "status": "NOT_COVERED"
  },
  {
    "id": "main/node_000078",
    "name": "/model/model.6/Div",
    "operator": "Div",
    "status": "NOT_COVERED"
  },
  {
    "id": "main/node_000079",
    "name": "/model/model.6/Constant_4",
    "operator": "Constant",
    "status": "NOT_COVERED"
  },
  {
    "id": "main/node_000080",
    "name": "/model/model.6/Mul",
    "operator": "Mul",
    "status": "NOT_COVERED"
  },
  {
    "id": "main/node_000081",
    "name": "/model/model.6/Slice",
    "operator": "Slice",
    "status": "NOT_COVERED"
  },
  {
    "id": "main/node_000082",
    "name": "/model/model.6/Constant_5",
    "operator": "Constant",
    "status": "NOT_COVERED"
  },
  {
    "id": "main/node_000083",
    "name": "/model/model.6/Mul_1",
    "operator": "Mul",
    "status": "NOT_COVERED"
  },
  {
    "id": "main/node_000084",
    "name": "/model/model.6/Slice_1",
    "operator": "Slice",
    "status": "NOT_COVERED"
  },
  {
    "id": "main/node_000085",
    "name": "/model/model.6/m.0/cv1/conv/Conv",
    "operator": "Conv",
    "status": "NO_VIOLATION_FOUND"
  },
  {
    "id": "main/node_000086",
    "name": "/model/model.6/m.0/cv1/act/Sigmoid",
    "operator": "Sigmoid",
    "status": "NOT_COVERED"
  },
  {
    "id": "main/node_000087",
    "name": "/model/model.6/m.0/cv1/act/Mul",
    "operator": "Mul",
    "status": "NOT_COVERED"
  },
  {
    "id": "main/node_000088",
    "name": "/model/model.6/m.0/m/m.0/cv1/conv/Conv",
    "operator": "Conv",
    "status": "NO_VIOLATION_FOUND"
  },
  {
    "id": "main/node_000089",
    "name": "/model/model.6/m.0/m/m.0/cv1/act/Sigmoid",
    "operator": "Sigmoid",
    "status": "NOT_COVERED"
  },
  {
    "id": "main/node_000090",
    "name": "/model/model.6/m.0/m/m.0/cv1/act/Mul",
    "operator": "Mul",
    "status": "NOT_COVERED"
  },
  {
    "id": "main/node_000091",
    "name": "/model/model.6/m.0/m/m.0/cv2/conv/Conv",
    "operator": "Conv",
    "status": "NO_VIOLATION_FOUND"
  },
  {
    "id": "main/node_000092",
    "name": "/model/model.6/m.0/m/m.0/cv2/act/Sigmoid",
    "operator": "Sigmoid",
    "status": "NOT_COVERED"
  },
  {
    "id": "main/node_000093",
    "name": "/model/model.6/m.0/m/m.0/cv2/act/Mul",
    "operator": "Mul",
    "status": "NOT_COVERED"
  },
  {
    "id": "main/node_000094",
    "name": "/model/model.6/m.0/m/m.0/Add",
    "operator": "Add",
    "status": "NOT_COVERED"
  },
  {
    "id": "main/node_000095",
    "name": "/model/model.6/m.0/m/m.1/cv1/conv/Conv",
    "operator": "Conv",
    "status": "NO_VIOLATION_FOUND"
  },
  {
    "id": "main/node_000096",
    "name": "/model/model.6/m.0/m/m.1/cv1/act/Sigmoid",
    "operator": "Sigmoid",
    "status": "NOT_COVERED"
  },
  {
    "id": "main/node_000097",
    "name": "/model/model.6/m.0/m/m.1/cv1/act/Mul",
    "operator": "Mul",
    "status": "NOT_COVERED"
  },
  {
    "id": "main/node_000098",
    "name": "/model/model.6/m.0/m/m.1/cv2/conv/Conv",
    "operator": "Conv",
    "status": "NO_VIOLATION_FOUND"
  },
  {
    "id": "main/node_000099",
    "name": "/model/model.6/m.0/m/m.1/cv2/act/Sigmoid",
    "operator": "Sigmoid",
    "status": "NOT_COVERED"
  },
  {
    "id": "main/node_000100",
    "name": "/model/model.6/m.0/m/m.1/cv2/act/Mul",
    "operator": "Mul",
    "status": "NOT_COVERED"
  },
  {
    "id": "main/node_000101",
    "name": "/model/model.6/m.0/m/m.1/Add",
    "operator": "Add",
    "status": "NOT_COVERED"
  },
  {
    "id": "main/node_000102",
    "name": "/model/model.6/m.0/cv2/conv/Conv",
    "operator": "Conv",
    "status": "NO_VIOLATION_FOUND"
  },
  {
    "id": "main/node_000103",
    "name": "/model/model.6/m.0/cv2/act/Sigmoid",
    "operator": "Sigmoid",
    "status": "NOT_COVERED"
  },
  {
    "id": "main/node_000104",
    "name": "/model/model.6/m.0/cv2/act/Mul",
    "operator": "Mul",
    "status": "NOT_COVERED"
  },
  {
    "id": "main/node_000105",
    "name": "/model/model.6/m.0/Concat",
    "operator": "Concat",
    "status": "NOT_COVERED"
  },
  {
    "id": "main/node_000106",
    "name": "/model/model.6/m.0/cv3/conv/Conv",
    "operator": "Conv",
    "status": "NO_VIOLATION_FOUND"
  },
  {
    "id": "main/node_000107",
    "name": "/model/model.6/m.0/cv3/act/Sigmoid",
    "operator": "Sigmoid",
    "status": "NOT_COVERED"
  },
  {
    "id": "main/node_000108",
    "name": "/model/model.6/m.0/cv3/act/Mul",
    "operator": "Mul",
    "status": "NOT_COVERED"
  },
  {
    "id": "main/node_000109",
    "name": "/model/model.6/Concat",
    "operator": "Concat",
    "status": "NOT_COVERED"
  },
  {
    "id": "main/node_000110",
    "name": "/model/model.6/cv2/conv/Conv",
    "operator": "Conv",
    "status": "NO_VIOLATION_FOUND"
  },
  {
    "id": "main/node_000111",
    "name": "/model/model.6/cv2/act/Sigmoid",
    "operator": "Sigmoid",
    "status": "NOT_COVERED"
  },
  {
    "id": "main/node_000112",
    "name": "/model/model.6/cv2/act/Mul",
    "operator": "Mul",
    "status": "NOT_COVERED"
  },
  {
    "id": "main/node_000113",
    "name": "/model/model.7/conv/Conv",
    "operator": "Conv",
    "status": "NO_VIOLATION_FOUND"
  },
  {
    "id": "main/node_000114",
    "name": "/model/model.7/act/Sigmoid",
    "operator": "Sigmoid",
    "status": "NOT_COVERED"
  },
  {
    "id": "main/node_000115",
    "name": "/model/model.7/act/Mul",
    "operator": "Mul",
    "status": "NOT_COVERED"
  },
  {
    "id": "main/node_000116",
    "name": "/model/model.8/cv1/conv/Conv",
    "operator": "Conv",
    "status": "NO_VIOLATION_FOUND"
  },
  {
    "id": "main/node_000117",
    "name": "/model/model.8/cv1/act/Sigmoid",
    "operator": "Sigmoid",
    "status": "NOT_COVERED"
  },
  {
    "id": "main/node_000118",
    "name": "/model/model.8/cv1/act/Mul",
    "operator": "Mul",
    "status": "NOT_COVERED"
  },
  {
    "id": "main/node_000119",
    "name": "/model/model.8/Shape",
    "operator": "Shape",
    "status": "NOT_COVERED"
  },
  {
    "id": "main/node_000120",
    "name": "/model/model.8/Constant",
    "operator": "Constant",
    "status": "NOT_COVERED"
  },
  {
    "id": "main/node_000121",
    "name": "/model/model.8/Gather",
    "operator": "Gather",
    "status": "NOT_COVERED"
  },
  {
    "id": "main/node_000122",
    "name": "/model/model.8/Constant_1",
    "operator": "Constant",
    "status": "NOT_COVERED"
  },
  {
    "id": "main/node_000123",
    "name": "/model/model.8/Constant_2",
    "operator": "Constant",
    "status": "NOT_COVERED"
  },
  {
    "id": "main/node_000124",
    "name": "/model/model.8/Add",
    "operator": "Add",
    "status": "NOT_COVERED"
  },
  {
    "id": "main/node_000125",
    "name": "/model/model.8/Constant_3",
    "operator": "Constant",
    "status": "NOT_COVERED"
  },
  {
    "id": "main/node_000126",
    "name": "/model/model.8/Div",
    "operator": "Div",
    "status": "NOT_COVERED"
  },
  {
    "id": "main/node_000127",
    "name": "/model/model.8/Constant_4",
    "operator": "Constant",
    "status": "NOT_COVERED"
  },
  {
    "id": "main/node_000128",
    "name": "/model/model.8/Mul",
    "operator": "Mul",
    "status": "NOT_COVERED"
  },
  {
    "id": "main/node_000129",
    "name": "/model/model.8/Slice",
    "operator": "Slice",
    "status": "NOT_COVERED"
  },
  {
    "id": "main/node_000130",
    "name": "/model/model.8/Constant_5",
    "operator": "Constant",
    "status": "NOT_COVERED"
  },
  {
    "id": "main/node_000131",
    "name": "/model/model.8/Mul_1",
    "operator": "Mul",
    "status": "NOT_COVERED"
  },
  {
    "id": "main/node_000132",
    "name": "/model/model.8/Slice_1",
    "operator": "Slice",
    "status": "NOT_COVERED"
  },
  {
    "id": "main/node_000133",
    "name": "/model/model.8/m.0/cv1/conv/Conv",
    "operator": "Conv",
    "status": "NO_VIOLATION_FOUND"
  },
  {
    "id": "main/node_000134",
    "name": "/model/model.8/m.0/cv1/act/Sigmoid",
    "operator": "Sigmoid",
    "status": "NOT_COVERED"
  },
  {
    "id": "main/node_000135",
    "name": "/model/model.8/m.0/cv1/act/Mul",
    "operator": "Mul",
    "status": "NOT_COVERED"
  },
  {
    "id": "main/node_000136",
    "name": "/model/model.8/m.0/m/m.0/cv1/conv/Conv",
    "operator": "Conv",
    "status": "NO_VIOLATION_FOUND"
  },
  {
    "id": "main/node_000137",
    "name": "/model/model.8/m.0/m/m.0/cv1/act/Sigmoid",
    "operator": "Sigmoid",
    "status": "NOT_COVERED"
  },
  {
    "id": "main/node_000138",
    "name": "/model/model.8/m.0/m/m.0/cv1/act/Mul",
    "operator": "Mul",
    "status": "NOT_COVERED"
  },
  {
    "id": "main/node_000139",
    "name": "/model/model.8/m.0/m/m.0/cv2/conv/Conv",
    "operator": "Conv",
    "status": "NO_VIOLATION_FOUND"
  },
  {
    "id": "main/node_000140",
    "name": "/model/model.8/m.0/m/m.0/cv2/act/Sigmoid",
    "operator": "Sigmoid",
    "status": "NOT_COVERED"
  },
  {
    "id": "main/node_000141",
    "name": "/model/model.8/m.0/m/m.0/cv2/act/Mul",
    "operator": "Mul",
    "status": "NOT_COVERED"
  },
  {
    "id": "main/node_000142",
    "name": "/model/model.8/m.0/m/m.0/Add",
    "operator": "Add",
    "status": "NOT_COVERED"
  },
  {
    "id": "main/node_000143",
    "name": "/model/model.8/m.0/m/m.1/cv1/conv/Conv",
    "operator": "Conv",
    "status": "NO_VIOLATION_FOUND"
  },
  {
    "id": "main/node_000144",
    "name": "/model/model.8/m.0/m/m.1/cv1/act/Sigmoid",
    "operator": "Sigmoid",
    "status": "NOT_COVERED"
  },
  {
    "id": "main/node_000145",
    "name": "/model/model.8/m.0/m/m.1/cv1/act/Mul",
    "operator": "Mul",
    "status": "NOT_COVERED"
  },
  {
    "id": "main/node_000146",
    "name": "/model/model.8/m.0/m/m.1/cv2/conv/Conv",
    "operator": "Conv",
    "status": "NO_VIOLATION_FOUND"
  },
  {
    "id": "main/node_000147",
    "name": "/model/model.8/m.0/m/m.1/cv2/act/Sigmoid",
    "operator": "Sigmoid",
    "status": "NOT_COVERED"
  },
  {
    "id": "main/node_000148",
    "name": "/model/model.8/m.0/m/m.1/cv2/act/Mul",
    "operator": "Mul",
    "status": "NOT_COVERED"
  },
  {
    "id": "main/node_000149",
    "name": "/model/model.8/m.0/m/m.1/Add",
    "operator": "Add",
    "status": "NOT_COVERED"
  },
  {
    "id": "main/node_000150",
    "name": "/model/model.8/m.0/cv2/conv/Conv",
    "operator": "Conv",
    "status": "NO_VIOLATION_FOUND"
  },
  {
    "id": "main/node_000151",
    "name": "/model/model.8/m.0/cv2/act/Sigmoid",
    "operator": "Sigmoid",
    "status": "NOT_COVERED"
  },
  {
    "id": "main/node_000152",
    "name": "/model/model.8/m.0/cv2/act/Mul",
    "operator": "Mul",
    "status": "NOT_COVERED"
  },
  {
    "id": "main/node_000153",
    "name": "/model/model.8/m.0/Concat",
    "operator": "Concat",
    "status": "NOT_COVERED"
  },
  {
    "id": "main/node_000154",
    "name": "/model/model.8/m.0/cv3/conv/Conv",
    "operator": "Conv",
    "status": "NO_VIOLATION_FOUND"
  },
  {
    "id": "main/node_000155",
    "name": "/model/model.8/m.0/cv3/act/Sigmoid",
    "operator": "Sigmoid",
    "status": "NOT_COVERED"
  },
  {
    "id": "main/node_000156",
    "name": "/model/model.8/m.0/cv3/act/Mul",
    "operator": "Mul",
    "status": "NOT_COVERED"
  },
  {
    "id": "main/node_000157",
    "name": "/model/model.8/Concat",
    "operator": "Concat",
    "status": "NOT_COVERED"
  },
  {
    "id": "main/node_000158",
    "name": "/model/model.8/cv2/conv/Conv",
    "operator": "Conv",
    "status": "NO_VIOLATION_FOUND"
  },
  {
    "id": "main/node_000159",
    "name": "/model/model.8/cv2/act/Sigmoid",
    "operator": "Sigmoid",
    "status": "NOT_COVERED"
  },
  {
    "id": "main/node_000160",
    "name": "/model/model.8/cv2/act/Mul",
    "operator": "Mul",
    "status": "NOT_COVERED"
  },
  {
    "id": "main/node_000161",
    "name": "/model/model.9/cv1/conv/Conv",
    "operator": "Conv",
    "status": "NO_VIOLATION_FOUND"
  },
  {
    "id": "main/node_000162",
    "name": "/model/model.9/m/MaxPool",
    "operator": "MaxPool",
    "status": "NOT_COVERED"
  },
  {
    "id": "main/node_000163",
    "name": "/model/model.9/m_1/MaxPool",
    "operator": "MaxPool",
    "status": "NOT_COVERED"
  },
  {
    "id": "main/node_000164",
    "name": "/model/model.9/m_2/MaxPool",
    "operator": "MaxPool",
    "status": "NOT_COVERED"
  },
  {
    "id": "main/node_000165",
    "name": "/model/model.9/Concat",
    "operator": "Concat",
    "status": "NOT_COVERED"
  },
  {
    "id": "main/node_000166",
    "name": "/model/model.9/cv2/conv/Conv",
    "operator": "Conv",
    "status": "NO_VIOLATION_FOUND"
  },
  {
    "id": "main/node_000167",
    "name": "/model/model.9/cv2/act/Sigmoid",
    "operator": "Sigmoid",
    "status": "NOT_COVERED"
  },
  {
    "id": "main/node_000168",
    "name": "/model/model.9/cv2/act/Mul",
    "operator": "Mul",
    "status": "NOT_COVERED"
  },
  {
    "id": "main/node_000169",
    "name": "/model/model.9/Add",
    "operator": "Add",
    "status": "NOT_COVERED"
  },
  {
    "id": "main/node_000170",
    "name": "/model/model.10/cv1/conv/Conv",
    "operator": "Conv",
    "status": "NO_VIOLATION_FOUND"
  },
  {
    "id": "main/node_000171",
    "name": "/model/model.10/cv1/act/Sigmoid",
    "operator": "Sigmoid",
    "status": "NOT_COVERED"
  },
  {
    "id": "main/node_000172",
    "name": "/model/model.10/cv1/act/Mul",
    "operator": "Mul",
    "status": "NOT_COVERED"
  },
  {
    "id": "main/node_000173",
    "name": "/model/model.10/Split",
    "operator": "Split",
    "status": "NOT_COVERED"
  },
  {
    "id": "main/node_000174",
    "name": "/model/model.10/m/m.0/attn/qkv/conv/Conv",
    "operator": "Conv",
    "status": "NO_VIOLATION_FOUND"
  },
  {
    "id": "main/node_000175",
    "name": "/model/model.10/m/m.0/attn/Constant",
    "operator": "Constant",
    "status": "NOT_COVERED"
  },
  {
    "id": "main/node_000176",
    "name": "/model/model.10/m/m.0/attn/Reshape",
    "operator": "Reshape",
    "status": "NOT_COVERED"
  },
  {
    "id": "main/node_000177",
    "name": "/model/model.10/m/m.0/attn/Split",
    "operator": "Split",
    "status": "NOT_COVERED"
  },
  {
    "id": "main/node_000178",
    "name": "/model/model.10/m/m.0/attn/Transpose",
    "operator": "Transpose",
    "status": "NOT_COVERED"
  },
  {
    "id": "main/node_000179",
    "name": "/model/model.10/m/m.0/attn/MatMul",
    "operator": "MatMul",
    "status": "NOT_COVERED"
  },
  {
    "id": "main/node_000180",
    "name": "/model/model.10/m/m.0/attn/Constant_1",
    "operator": "Constant",
    "status": "NOT_COVERED"
  },
  {
    "id": "main/node_000181",
    "name": "/model/model.10/m/m.0/attn/Mul",
    "operator": "Mul",
    "status": "NOT_COVERED"
  },
  {
    "id": "main/node_000182",
    "name": "/model/model.10/m/m.0/attn/Softmax",
    "operator": "Softmax",
    "status": "NOT_COVERED"
  },
  {
    "id": "main/node_000183",
    "name": "/model/model.10/m/m.0/attn/Transpose_1",
    "operator": "Transpose",
    "status": "NOT_COVERED"
  },
  {
    "id": "main/node_000184",
    "name": "/model/model.10/m/m.0/attn/MatMul_1",
    "operator": "MatMul",
    "status": "NOT_COVERED"
  },
  {
    "id": "main/node_000185",
    "name": "/model/model.10/m/m.0/attn/Constant_2",
    "operator": "Constant",
    "status": "NOT_COVERED"
  },
  {
    "id": "main/node_000186",
    "name": "/model/model.10/m/m.0/attn/Constant_3",
    "operator": "Constant",
    "status": "NOT_COVERED"
  },
  {
    "id": "main/node_000187",
    "name": "/model/model.10/m/m.0/attn/Reshape_1",
    "operator": "Reshape",
    "status": "NOT_COVERED"
  },
  {
    "id": "main/node_000188",
    "name": "/model/model.10/m/m.0/attn/Reshape_2",
    "operator": "Reshape",
    "status": "NOT_COVERED"
  },
  {
    "id": "main/node_000189",
    "name": "/model/model.10/m/m.0/attn/pe/conv/Conv",
    "operator": "Conv",
    "status": "NO_VIOLATION_FOUND"
  },
  {
    "id": "main/node_000190",
    "name": "/model/model.10/m/m.0/attn/Add",
    "operator": "Add",
    "status": "NOT_COVERED"
  },
  {
    "id": "main/node_000191",
    "name": "/model/model.10/m/m.0/attn/proj/conv/Conv",
    "operator": "Conv",
    "status": "NO_VIOLATION_FOUND"
  },
  {
    "id": "main/node_000192",
    "name": "/model/model.10/m/m.0/Add",
    "operator": "Add",
    "status": "NOT_COVERED"
  },
  {
    "id": "main/node_000193",
    "name": "/model/model.10/m/m.0/ffn/ffn.0/conv/Conv",
    "operator": "Conv",
    "status": "NO_VIOLATION_FOUND"
  },
  {
    "id": "main/node_000194",
    "name": "/model/model.10/m/m.0/ffn/ffn.0/act/Sigmoid",
    "operator": "Sigmoid",
    "status": "NOT_COVERED"
  },
  {
    "id": "main/node_000195",
    "name": "/model/model.10/m/m.0/ffn/ffn.0/act/Mul",
    "operator": "Mul",
    "status": "NOT_COVERED"
  },
  {
    "id": "main/node_000196",
    "name": "/model/model.10/m/m.0/ffn/ffn.1/conv/Conv",
    "operator": "Conv",
    "status": "NO_VIOLATION_FOUND"
  },
  {
    "id": "main/node_000197",
    "name": "/model/model.10/m/m.0/Add_1",
    "operator": "Add",
    "status": "NOT_COVERED"
  },
  {
    "id": "main/node_000198",
    "name": "/model/model.10/Concat",
    "operator": "Concat",
    "status": "NOT_COVERED"
  },
  {
    "id": "main/node_000199",
    "name": "/model/model.10/cv2/conv/Conv",
    "operator": "Conv",
    "status": "NO_VIOLATION_FOUND"
  },
  {
    "id": "main/node_000200",
    "name": "/model/model.10/cv2/act/Sigmoid",
    "operator": "Sigmoid",
    "status": "NOT_COVERED"
  },
  {
    "id": "main/node_000201",
    "name": "/model/model.10/cv2/act/Mul",
    "operator": "Mul",
    "status": "NOT_COVERED"
  },
  {
    "id": "main/node_000202",
    "name": "/model/model.11/conv/Conv",
    "operator": "Conv",
    "status": "NO_VIOLATION_FOUND"
  },
  {
    "id": "main/node_000203",
    "name": "/model/model.11/act/Sigmoid",
    "operator": "Sigmoid",
    "status": "NOT_COVERED"
  },
  {
    "id": "main/node_000204",
    "name": "/model/model.11/act/Mul",
    "operator": "Mul",
    "status": "NOT_COVERED"
  },
  {
    "id": "main/node_000205",
    "name": "/model/model.12/Constant",
    "operator": "Constant",
    "status": "NOT_COVERED"
  },
  {
    "id": "main/node_000206",
    "name": "/model/model.12/Constant_1",
    "operator": "Constant",
    "status": "NOT_COVERED"
  },
  {
    "id": "main/node_000207",
    "name": "/model/model.12/Resize",
    "operator": "Resize",
    "status": "NOT_COVERED"
  },
  {
    "id": "main/node_000208",
    "name": "/model/model.13/conv/Conv",
    "operator": "Conv",
    "status": "NO_VIOLATION_FOUND"
  },
  {
    "id": "main/node_000209",
    "name": "/model/model.13/act/Sigmoid",
    "operator": "Sigmoid",
    "status": "NOT_COVERED"
  },
  {
    "id": "main/node_000210",
    "name": "/model/model.13/act/Mul",
    "operator": "Mul",
    "status": "NOT_COVERED"
  },
  {
    "id": "main/node_000211",
    "name": "/model/model.14/Concat",
    "operator": "Concat",
    "status": "NOT_COVERED"
  },
  {
    "id": "main/node_000212",
    "name": "/model/model.15/conv/Conv",
    "operator": "Conv",
    "status": "NO_VIOLATION_FOUND"
  },
  {
    "id": "main/node_000213",
    "name": "/model/model.15/act/Sigmoid",
    "operator": "Sigmoid",
    "status": "NOT_COVERED"
  },
  {
    "id": "main/node_000214",
    "name": "/model/model.15/act/Mul",
    "operator": "Mul",
    "status": "NOT_COVERED"
  },
  {
    "id": "main/node_000215",
    "name": "/model/model.16/task_branches.0/conv_1x1/Conv",
    "operator": "Conv",
    "status": "NO_VIOLATION_FOUND"
  },
  {
    "id": "main/node_000216",
    "name": "/model/model.16/task_branches.0/pool/AveragePool",
    "operator": "AveragePool",
    "status": "NOT_COVERED"
  },
  {
    "id": "main/node_000217",
    "name": "/model/model.16/task_branches.0/Flatten",
    "operator": "Flatten",
    "status": "NOT_COVERED"
  },
  {
    "id": "main/node_000218",
    "name": "/model/model.16/task_branches.0/cls_fc1/Gemm",
    "operator": "Gemm",
    "status": "NOT_COVERED"
  },
  {
    "id": "main/node_000219",
    "name": "/model/model.16/task_branches.0/act/Relu",
    "operator": "Relu",
    "status": "NOT_COVERED"
  },
  {
    "id": "main/node_000220",
    "name": "/model/model.16/task_branches.0/cls_fc2/Gemm",
    "operator": "Gemm",
    "status": "NOT_COVERED"
  },
  {
    "id": "main/node_000221",
    "name": "/model/model.16/task_branches.0/Constant",
    "operator": "Constant",
    "status": "NOT_COVERED"
  },
  {
    "id": "main/node_000222",
    "name": "/model/model.16/task_branches.0/Reshape",
    "operator": "Reshape",
    "status": "NOT_COVERED"
  },
  {
    "id": "main/node_000223",
    "name": "/model/model.16/task_branches.0/offset_fc/Gemm",
    "operator": "Gemm",
    "status": "NOT_COVERED"
  },
  {
    "id": "main/node_000224",
    "name": "/model/model.16/task_branches.0/Tanh",
    "operator": "Tanh",
    "status": "NOT_COVERED"
  },
  {
    "id": "main/node_000225",
    "name": "/model/model.16/task_branches.0/Constant_1",
    "operator": "Constant",
    "status": "NOT_COVERED"
  },
  {
    "id": "main/node_000226",
    "name": "/model/model.16/task_branches.0/Reshape_1",
    "operator": "Reshape",
    "status": "NOT_COVERED"
  },
  {
    "id": "main/node_000227",
    "name": "/model/model.16/task_branches.0/Constant_2",
    "operator": "Constant",
    "status": "NOT_COVERED"
  },
  {
    "id": "main/node_000228",
    "name": "/model/model.16/task_branches.0/Mul",
    "operator": "Mul",
    "status": "NOT_COVERED"
  },
  {
    "id": "main/node_000229",
    "name": "/model/model.16/task_branches.1/conv_1x1/Conv",
    "operator": "Conv",
    "status": "NO_VIOLATION_FOUND"
  },
  {
    "id": "main/node_000230",
    "name": "/model/model.16/task_branches.1/pool/AveragePool",
    "operator": "AveragePool",
    "status": "NOT_COVERED"
  },
  {
    "id": "main/node_000231",
    "name": "/model/model.16/task_branches.1/Flatten",
    "operator": "Flatten",
    "status": "NOT_COVERED"
  },
  {
    "id": "main/node_000232",
    "name": "/model/model.16/task_branches.1/cls_fc1/Gemm",
    "operator": "Gemm",
    "status": "NOT_COVERED"
  },
  {
    "id": "main/node_000233",
    "name": "/model/model.16/task_branches.1/act/Relu",
    "operator": "Relu",
    "status": "NOT_COVERED"
  },
  {
    "id": "main/node_000234",
    "name": "/model/model.16/task_branches.1/cls_fc2/Gemm",
    "operator": "Gemm",
    "status": "NOT_COVERED"
  },
  {
    "id": "main/node_000235",
    "name": "/model/model.16/task_branches.1/Constant",
    "operator": "Constant",
    "status": "NOT_COVERED"
  },
  {
    "id": "main/node_000236",
    "name": "/model/model.16/task_branches.1/Reshape",
    "operator": "Reshape",
    "status": "NOT_COVERED"
  },
  {
    "id": "main/node_000237",
    "name": "/model/model.16/task_branches.1/offset_fc/Gemm",
    "operator": "Gemm",
    "status": "NOT_COVERED"
  },
  {
    "id": "main/node_000238",
    "name": "/model/model.16/task_branches.1/Tanh",
    "operator": "Tanh",
    "status": "NOT_COVERED"
  },
  {
    "id": "main/node_000239",
    "name": "/model/model.16/task_branches.1/Constant_1",
    "operator": "Constant",
    "status": "NOT_COVERED"
  },
  {
    "id": "main/node_000240",
    "name": "/model/model.16/task_branches.1/Reshape_1",
    "operator": "Reshape",
    "status": "NOT_COVERED"
  },
  {
    "id": "main/node_000241",
    "name": "/model/model.16/task_branches.1/Constant_2",
    "operator": "Constant",
    "status": "NOT_COVERED"
  },
  {
    "id": "main/node_000242",
    "name": "/model/model.16/task_branches.1/Mul",
    "operator": "Mul",
    "status": "NOT_COVERED"
  },
  {
    "id": "main/node_000243",
    "name": "/model/model.16/task_branches.2/conv_1x1/Conv",
    "operator": "Conv",
    "status": "NO_VIOLATION_FOUND"
  },
  {
    "id": "main/node_000244",
    "name": "/model/model.16/task_branches.2/pool/AveragePool",
    "operator": "AveragePool",
    "status": "NOT_COVERED"
  },
  {
    "id": "main/node_000245",
    "name": "/model/model.16/task_branches.2/Flatten",
    "operator": "Flatten",
    "status": "NOT_COVERED"
  },
  {
    "id": "main/node_000246",
    "name": "/model/model.16/task_branches.2/cls_fc1/Gemm",
    "operator": "Gemm",
    "status": "NOT_COVERED"
  },
  {
    "id": "main/node_000247",
    "name": "/model/model.16/task_branches.2/act/Relu",
    "operator": "Relu",
    "status": "NOT_COVERED"
  },
  {
    "id": "main/node_000248",
    "name": "/model/model.16/task_branches.2/cls_fc2/Gemm",
    "operator": "Gemm",
    "status": "NOT_COVERED"
  },
  {
    "id": "main/node_000249",
    "name": "/model/model.16/task_branches.2/Constant",
    "operator": "Constant",
    "status": "NOT_COVERED"
  },
  {
    "id": "main/node_000250",
    "name": "/model/model.16/task_branches.2/Reshape",
    "operator": "Reshape",
    "status": "NOT_COVERED"
  },
  {
    "id": "main/node_000251",
    "name": "/model/model.16/task_branches.2/offset_fc/Gemm",
    "operator": "Gemm",
    "status": "NOT_COVERED"
  },
  {
    "id": "main/node_000252",
    "name": "/model/model.16/task_branches.2/Tanh",
    "operator": "Tanh",
    "status": "NOT_COVERED"
  },
  {
    "id": "main/node_000253",
    "name": "/model/model.16/task_branches.2/Constant_1",
    "operator": "Constant",
    "status": "NOT_COVERED"
  },
  {
    "id": "main/node_000254",
    "name": "/model/model.16/task_branches.2/Reshape_1",
    "operator": "Reshape",
    "status": "NOT_COVERED"
  },
  {
    "id": "main/node_000255",
    "name": "/model/model.16/task_branches.2/Constant_2",
    "operator": "Constant",
    "status": "NOT_COVERED"
  },
  {
    "id": "main/node_000256",
    "name": "/model/model.16/task_branches.2/Mul",
    "operator": "Mul",
    "status": "NOT_COVERED"
  },
  {
    "id": "main/node_000257",
    "name": "/model/model.16/task_branches.3/conv_1x1/Conv",
    "operator": "Conv",
    "status": "NO_VIOLATION_FOUND"
  },
  {
    "id": "main/node_000258",
    "name": "/model/model.16/task_branches.3/pool/AveragePool",
    "operator": "AveragePool",
    "status": "NOT_COVERED"
  },
  {
    "id": "main/node_000259",
    "name": "/model/model.16/task_branches.3/Flatten",
    "operator": "Flatten",
    "status": "NOT_COVERED"
  },
  {
    "id": "main/node_000260",
    "name": "/model/model.16/task_branches.3/cls_fc1/Gemm",
    "operator": "Gemm",
    "status": "NOT_COVERED"
  },
  {
    "id": "main/node_000261",
    "name": "/model/model.16/task_branches.3/act/Relu",
    "operator": "Relu",
    "status": "NOT_COVERED"
  },
  {
    "id": "main/node_000262",
    "name": "/model/model.16/task_branches.3/cls_fc2/Gemm",
    "operator": "Gemm",
    "status": "NOT_COVERED"
  },
  {
    "id": "main/node_000263",
    "name": "/model/model.16/task_branches.3/Constant",
    "operator": "Constant",
    "status": "NOT_COVERED"
  },
  {
    "id": "main/node_000264",
    "name": "/model/model.16/task_branches.3/Reshape",
    "operator": "Reshape",
    "status": "NOT_COVERED"
  },
  {
    "id": "main/node_000265",
    "name": "/model/model.16/task_branches.3/offset_fc/Gemm",
    "operator": "Gemm",
    "status": "NOT_COVERED"
  },
  {
    "id": "main/node_000266",
    "name": "/model/model.16/task_branches.3/Tanh",
    "operator": "Tanh",
    "status": "NOT_COVERED"
  },
  {
    "id": "main/node_000267",
    "name": "/model/model.16/task_branches.3/Constant_1",
    "operator": "Constant",
    "status": "NOT_COVERED"
  },
  {
    "id": "main/node_000268",
    "name": "/model/model.16/task_branches.3/Reshape_1",
    "operator": "Reshape",
    "status": "NOT_COVERED"
  },
  {
    "id": "main/node_000269",
    "name": "/model/model.16/task_branches.3/Constant_2",
    "operator": "Constant",
    "status": "NOT_COVERED"
  },
  {
    "id": "main/node_000270",
    "name": "/model/model.16/task_branches.3/Mul",
    "operator": "Mul",
    "status": "NOT_COVERED"
  },
  {
    "id": "main/node_000271",
    "name": "/model/model.16/Unsqueeze",
    "operator": "Unsqueeze",
    "status": "NOT_COVERED"
  },
  {
    "id": "main/node_000272",
    "name": "/model/model.16/Unsqueeze_1",
    "operator": "Unsqueeze",
    "status": "NOT_COVERED"
  },
  {
    "id": "main/node_000273",
    "name": "/model/model.16/Unsqueeze_2",
    "operator": "Unsqueeze",
    "status": "NOT_COVERED"
  },
  {
    "id": "main/node_000274",
    "name": "/model/model.16/Unsqueeze_3",
    "operator": "Unsqueeze",
    "status": "NOT_COVERED"
  },
  {
    "id": "main/node_000275",
    "name": "/model/model.16/Concat",
    "operator": "Concat",
    "status": "NOT_COVERED"
  },
  {
    "id": "main/node_000276",
    "name": "/model/model.16/Unsqueeze_4",
    "operator": "Unsqueeze",
    "status": "NOT_COVERED"
  },
  {
    "id": "main/node_000277",
    "name": "/model/model.16/Unsqueeze_5",
    "operator": "Unsqueeze",
    "status": "NOT_COVERED"
  },
  {
    "id": "main/node_000278",
    "name": "/model/model.16/Unsqueeze_6",
    "operator": "Unsqueeze",
    "status": "NOT_COVERED"
  },
  {
    "id": "main/node_000279",
    "name": "/model/model.16/Unsqueeze_7",
    "operator": "Unsqueeze",
    "status": "NOT_COVERED"
  },
  {
    "id": "main/node_000280",
    "name": "/model/model.16/Concat_1",
    "operator": "Concat",
    "status": "NOT_COVERED"
  }
]
