{
  "name": "cls_logits",
  "resource_category": "model_output",
  "shape": [
    1,
    161,
    56,
    4
  ],
  "dtype": "float32",
  "storage_kind": "dense",
  "element_count": 36064,
  "element_size_bytes": 4,
  "raw_bytes": 144256,
  "mib": 0.1375732421875,
  "mb": 0.144256,
  "hypothetical_int8_bytes": 36064,
  "size_status": "KNOWN",
  "shape_status": "KNOWN",
  "dtype_status": "KNOWN",
  "unknown_reason": null,
  "producer_node_id": "main/node_000275",
  "consumer_node_ids": [],
  "consumer_count": 0,
  "shared_by_multiple_consumers": false,
  "is_graph_output": true,
  "is_graph_input": false,
  "is_initializer": false,
  "original_kind": "intermediate",
  "classification_note": null
}
