{
  "name": "/model/model.10/m/m.0/attn/Transpose_1_output_0",
  "resource_category": "intermediate_activation",
  "shape": [
    1,
    4,
    400,
    400
  ],
  "dtype": "float32",
  "storage_kind": "dense",
  "element_count": 640000,
  "element_size_bytes": 4,
  "raw_bytes": 2560000,
  "mib": 2.44140625,
  "mb": 2.56,
  "hypothetical_int8_bytes": 640000,
  "size_status": "KNOWN",
  "shape_status": "KNOWN",
  "dtype_status": "KNOWN",
  "unknown_reason": null,
  "producer_node_id": "main/node_000183",
  "consumer_node_ids": [
    "main/node_000184"
  ],
  "consumer_count": 1,
  "shared_by_multiple_consumers": false,
  "is_graph_output": false,
  "is_graph_input": false,
  "is_initializer": false,
  "original_kind": "intermediate",
  "classification_note": null
}
