{
  "node_id": "main/node_000272",
  "predecessors": [
    "main/node_000236"
  ],
  "successors": [
    "main/node_000275"
  ],
  "upstream_neighbors": [
    "main/node_000234",
    "main/node_000235",
    "main/node_000236"
  ],
  "neighborhood": [
    "main/node_000234",
    "main/node_000235",
    "main/node_000236",
    "main/node_000272",
    "main/node_000275"
  ],
  "downstream_nodes": [
    "main/node_000275"
  ],
  "reachable_outputs": [
    "cls_logits"
  ],
  "representative_paths": [
    {
      "output_tensor": "cls_logits",
      "nodes": [
        "main/node_000272",
        "main/node_000275"
      ],
      "edges": [
        {
          "source": "main/node_000272",
          "target": "main/node_000275",
          "tensors": [
            "/model/model.16/Unsqueeze_1_output_0"
          ]
        }
      ]
    }
  ],
  "paths_truncated": false,
  "path_policy": "每个可达输出仅展示一条 BFS 最短代表路径；其他路径不枚举",
  "reason": "依赖关系不等于下游违规、CPU 回退或精度下降"
}
