{
  "node_id": "main/node_000248",
  "predecessors": [
    "main/node_000247"
  ],
  "successors": [
    "main/node_000250"
  ],
  "upstream_neighbors": [
    "main/node_000246",
    "main/node_000247"
  ],
  "neighborhood": [
    "main/node_000246",
    "main/node_000247",
    "main/node_000248",
    "main/node_000250",
    "main/node_000273"
  ],
  "downstream_nodes": [
    "main/node_000250",
    "main/node_000273",
    "main/node_000275"
  ],
  "reachable_outputs": [
    "cls_logits"
  ],
  "representative_paths": [
    {
      "output_tensor": "cls_logits",
      "nodes": [
        "main/node_000248",
        "main/node_000250",
        "main/node_000273",
        "main/node_000275"
      ],
      "edges": [
        {
          "source": "main/node_000248",
          "target": "main/node_000250",
          "tensors": [
            "/model/model.16/task_branches.2/cls_fc2/Gemm_output_0"
          ]
        },
        {
          "source": "main/node_000250",
          "target": "main/node_000273",
          "tensors": [
            "/model/model.16/task_branches.2/Reshape_output_0"
          ]
        },
        {
          "source": "main/node_000273",
          "target": "main/node_000275",
          "tensors": [
            "/model/model.16/Unsqueeze_2_output_0"
          ]
        }
      ]
    }
  ],
  "paths_truncated": false,
  "path_policy": "每个可达输出仅展示一条 BFS 最短代表路径；其他路径不枚举",
  "reason": "依赖关系不等于下游违规、CPU 回退或精度下降"
}
