{
  "node_id": "main/node_000280",
  "predecessors": [
    "main/node_000276",
    "main/node_000277",
    "main/node_000278",
    "main/node_000279"
  ],
  "successors": [],
  "upstream_neighbors": [
    "main/node_000228",
    "main/node_000242",
    "main/node_000256",
    "main/node_000270",
    "main/node_000276",
    "main/node_000277",
    "main/node_000278",
    "main/node_000279"
  ],
  "neighborhood": [
    "main/node_000228",
    "main/node_000242",
    "main/node_000256",
    "main/node_000270",
    "main/node_000276",
    "main/node_000277",
    "main/node_000278",
    "main/node_000279",
    "main/node_000280"
  ],
  "downstream_nodes": [],
  "reachable_outputs": [
    "offset"
  ],
  "representative_paths": [
    {
      "output_tensor": "offset",
      "nodes": [
        "main/node_000280"
      ],
      "edges": []
    }
  ],
  "paths_truncated": false,
  "path_policy": "每个可达输出仅展示一条 BFS 最短代表路径；其他路径不枚举",
  "reason": "依赖关系不等于下游违规、CPU 回退或精度下降"
}
